Archive member included to satisfy reference by file (symbol)

cca02m2/libPDMFilter_CM4_GCC_wc32_softfp.a(pdm_filter.o)
                              cca02m2/cca02m2_audio.o (PDM_Filter_Init)
DSP/libarm_cortexM4l_math.a(arm_fir_decimate_q15.o)
                              cca02m2/cca02m2_audio.o (arm_fir_decimate_q15)
DSP/libarm_cortexM4l_math.a(arm_fir_decimate_init_q15.o)
                              cca02m2/cca02m2_audio.o (arm_fir_decimate_init_q15)
/usr/lib/gcc/arm-none-eabi/10.3.1/../../../arm-none-eabi/lib/thumb/v7e-m+fp/softfp/libc.a(lib_a-atexit.o)
                              /usr/lib/gcc/arm-none-eabi/10.3.1/../../../arm-none-eabi/lib/thumb/v7e-m+fp/softfp/crt0.o (atexit)
/usr/lib/gcc/arm-none-eabi/10.3.1/../../../arm-none-eabi/lib/thumb/v7e-m+fp/softfp/libc.a(lib_a-exit.o)
                              /usr/lib/gcc/arm-none-eabi/10.3.1/../../../arm-none-eabi/lib/thumb/v7e-m+fp/softfp/crt0.o (exit)
/usr/lib/gcc/arm-none-eabi/10.3.1/../../../arm-none-eabi/lib/thumb/v7e-m+fp/softfp/libc.a(lib_a-fini.o)
                              /usr/lib/gcc/arm-none-eabi/10.3.1/../../../arm-none-eabi/lib/thumb/v7e-m+fp/softfp/crt0.o (__libc_fini_array)
/usr/lib/gcc/arm-none-eabi/10.3.1/../../../arm-none-eabi/lib/thumb/v7e-m+fp/softfp/libc.a(lib_a-impure.o)
                              /usr/lib/gcc/arm-none-eabi/10.3.1/../../../arm-none-eabi/lib/thumb/v7e-m+fp/softfp/libc.a(lib_a-exit.o) (_global_impure_ptr)
/usr/lib/gcc/arm-none-eabi/10.3.1/../../../arm-none-eabi/lib/thumb/v7e-m+fp/softfp/libc.a(lib_a-init.o)
                              /usr/lib/gcc/arm-none-eabi/10.3.1/../../../arm-none-eabi/lib/thumb/v7e-m+fp/softfp/crt0.o (__libc_init_array)
/usr/lib/gcc/arm-none-eabi/10.3.1/../../../arm-none-eabi/lib/thumb/v7e-m+fp/softfp/libc.a(lib_a-memset.o)
                              /usr/lib/gcc/arm-none-eabi/10.3.1/../../../arm-none-eabi/lib/thumb/v7e-m+fp/softfp/crt0.o (memset)
/usr/lib/gcc/arm-none-eabi/10.3.1/../../../arm-none-eabi/lib/thumb/v7e-m+fp/softfp/libc.a(lib_a-sprintf.o)
                              src/main_pdm.o (sprintf)
/usr/lib/gcc/arm-none-eabi/10.3.1/../../../arm-none-eabi/lib/thumb/v7e-m+fp/softfp/libc.a(lib_a-svfprintf.o)
                              /usr/lib/gcc/arm-none-eabi/10.3.1/../../../arm-none-eabi/lib/thumb/v7e-m+fp/softfp/libc.a(lib_a-sprintf.o) (_svfprintf_r)
/usr/lib/gcc/arm-none-eabi/10.3.1/../../../arm-none-eabi/lib/thumb/v7e-m+fp/softfp/libc.a(lib_a-__atexit.o)
                              /usr/lib/gcc/arm-none-eabi/10.3.1/../../../arm-none-eabi/lib/thumb/v7e-m+fp/softfp/libc.a(lib_a-atexit.o) (__register_exitproc)
/usr/lib/gcc/arm-none-eabi/10.3.1/../../../arm-none-eabi/lib/thumb/v7e-m+fp/softfp/libc.a(lib_a-__call_atexit.o)
                              /usr/lib/gcc/arm-none-eabi/10.3.1/../../../arm-none-eabi/lib/thumb/v7e-m+fp/softfp/libc.a(lib_a-exit.o) (__call_exitprocs)
/usr/lib/gcc/arm-none-eabi/10.3.1/../../../arm-none-eabi/lib/thumb/v7e-m+fp/softfp/libc.a(lib_a-dtoa.o)
                              /usr/lib/gcc/arm-none-eabi/10.3.1/../../../arm-none-eabi/lib/thumb/v7e-m+fp/softfp/libc.a(lib_a-svfprintf.o) (_dtoa_r)
/usr/lib/gcc/arm-none-eabi/10.3.1/../../../arm-none-eabi/lib/thumb/v7e-m+fp/softfp/libc.a(lib_a-localeconv.o)
                              /usr/lib/gcc/arm-none-eabi/10.3.1/../../../arm-none-eabi/lib/thumb/v7e-m+fp/softfp/libc.a(lib_a-svfprintf.o) (_localeconv_r)
/usr/lib/gcc/arm-none-eabi/10.3.1/../../../arm-none-eabi/lib/thumb/v7e-m+fp/softfp/libc.a(lib_a-mallocr.o)
                              /usr/lib/gcc/arm-none-eabi/10.3.1/../../../arm-none-eabi/lib/thumb/v7e-m+fp/softfp/libc.a(lib_a-svfprintf.o) (_malloc_r)
/usr/lib/gcc/arm-none-eabi/10.3.1/../../../arm-none-eabi/lib/thumb/v7e-m+fp/softfp/libc.a(lib_a-memchr.o)
                              /usr/lib/gcc/arm-none-eabi/10.3.1/../../../arm-none-eabi/lib/thumb/v7e-m+fp/softfp/libc.a(lib_a-svfprintf.o) (memchr)
/usr/lib/gcc/arm-none-eabi/10.3.1/../../../arm-none-eabi/lib/thumb/v7e-m+fp/softfp/libc.a(lib_a-memcpy.o)
                              /usr/lib/gcc/arm-none-eabi/10.3.1/../../../arm-none-eabi/lib/thumb/v7e-m+fp/softfp/libc.a(lib_a-dtoa.o) (memcpy)
/usr/lib/gcc/arm-none-eabi/10.3.1/../../../arm-none-eabi/lib/thumb/v7e-m+fp/softfp/libc.a(lib_a-mlock.o)
                              /usr/lib/gcc/arm-none-eabi/10.3.1/../../../arm-none-eabi/lib/thumb/v7e-m+fp/softfp/libc.a(lib_a-mallocr.o) (__malloc_lock)
/usr/lib/gcc/arm-none-eabi/10.3.1/../../../arm-none-eabi/lib/thumb/v7e-m+fp/softfp/libc.a(lib_a-mprec.o)
                              /usr/lib/gcc/arm-none-eabi/10.3.1/../../../arm-none-eabi/lib/thumb/v7e-m+fp/softfp/libc.a(lib_a-dtoa.o) (_Balloc)
/usr/lib/gcc/arm-none-eabi/10.3.1/../../../arm-none-eabi/lib/thumb/v7e-m+fp/softfp/libc.a(lib_a-sbrkr.o)
                              /usr/lib/gcc/arm-none-eabi/10.3.1/../../../arm-none-eabi/lib/thumb/v7e-m+fp/softfp/libc.a(lib_a-mallocr.o) (_sbrk_r)
[...]
Memory Configuration

Name             Origin             Length             Attributes
FLASH            0x0000000008000000 0x0000000000080000 xr
RAM              0x0000000020000000 0x0000000000020000 xrw
*default*        0x0000000000000000 0xffffffffffffffff

Linker script and memory map

LOAD /usr/lib/gcc/arm-none-eabi/10.3.1/thumb/v7e-m+fp/softfp/crti.o
LOAD /usr/lib/gcc/arm-none-eabi/10.3.1/thumb/v7e-m+fp/softfp/crtbegin.o
LOAD /usr/lib/gcc/arm-none-eabi/10.3.1/../../../arm-none-eabi/lib/thumb/v7e-m+fp/softfp/crt0.o
LOAD startup/stm32f411_periph.o
LOAD startup/sys_handlers.o
LOAD startup/rcc.o
LOAD startup/system_stm32f4xx.o
LOAD startup/alloc.o
LOAD lib/tick.o
LOAD lib/io.o
LOAD lib/dma.o
LOAD lib/timer.o
LOAD lib/uart.o
LOAD lib/util.o
LOAD src/main_pdm.o
LOAD cca02m2/cca02m2_audio.o
LOAD startup/startup_stm32f411xe.o
LOAD cca02m2/libPDMFilter_CM4_GCC_wc32_softfp.a
LOAD DSP/libarm_cortexM4l_math.a
LOAD /usr/lib/gcc/arm-none-eabi/10.3.1/../../../arm-none-eabi/lib/thumb/v7e-m+fp/softfp/libc.a
LOAD /usr/lib/gcc/arm-none-eabi/10.3.1/thumb/v7e-m+fp/softfp/libgcc.a
LOAD /usr/lib/gcc/arm-none-eabi/10.3.1/thumb/v7e-m+fp/softfp/libgcov.a
LOAD /usr/lib/gcc/arm-none-eabi/10.3.1/../../../arm-none-eabi/lib/thumb/v7e-m+fp/softfp/libm.a
START GROUP
LOAD /usr/lib/gcc/arm-none-eabi/10.3.1/thumb/v7e-m+fp/softfp/libgcc.a
LOAD /usr/lib/gcc/arm-none-eabi/10.3.1/../../../arm-none-eabi/lib/thumb/v7e-m+fp/softfp/libc.a
END GROUP
LOAD /usr/lib/gcc/arm-none-eabi/10.3.1/thumb/v7e-m+fp/softfp/crtend.o
LOAD /usr/lib/gcc/arm-none-eabi/10.3.1/thumb/v7e-m+fp/softfp/crtn.o
                0x0000000020020000                _estack = 0x20020000
                0x0000000000000200                _Min_Heap_Size = 0x200
                0x0000000000000400                _Min_Stack_Size = 0x400

.isr_vector     0x0000000008000000      0x198
                0x0000000008000000                . = ALIGN (0x4)
 *(.isr_vector)
 .isr_vector    0x0000000008000000      0x198 startup/startup_stm32f411xe.o
                0x0000000008000000                g_pfnVectors
                0x0000000008000198                . = ALIGN (0x4)

.text           0x00000000080001c0     0xfb10
                0x00000000080001c0                . = ALIGN (0x4)
 *(.text)
 .text          0x00000000080001c0       0x88 /usr/lib/gcc/arm-none-eabi/10.3.1/thumb/v7e-m+fp/softfp/crtbegin.o
 .text          0x0000000008000248       0x14 startup/sys_handlers.o
                0x0000000008000248                NMI_Handler
                0x000000000800024c                HardFault_Handler
                0x000000000800024e                MemManage_Handler
                0x0000000008000250                BusFault_Handler
                0x0000000008000252                UsageFault_Handler
                0x0000000008000254                DebugMon_Handler
                0x0000000008000258                PendSV_Handler
 .text          0x000000000800025c      0x484 startup/rcc.o
                0x000000000800046c                rcc_sys_clk_cfg
                0x0000000008000660                rcc_i2s_clk_cfg
 .text          0x00000000080006e0      0x168 startup/system_stm32f4xx.o
                0x00000000080006e0                SystemInit
                0x0000000008000750                SystemCoreClockUpdate
 .text          0x0000000008000848      0x188 startup/alloc.o
                0x0000000008000848                minit
                0x000000000800086c                malloc
                0x0000000008000918                free
 .text          0x00000000080009d0      0x214 lib/tick.o
                0x0000000008000a20                SysTick_Handler
                0x0000000008000a50                tick_init
                0x0000000008000af8                tick_start
                0x0000000008000b18                tick_stop
                0x0000000008000b30                ticks
                0x0000000008000b3c                tick_delay
 .text          0x0000000008000be4      0x8fc lib/io.o
                0x0000000008000c68                EXTI0_IRQHandler
                0x0000000008000c8c                EXTI1_IRQHandler
                0x0000000008000cb0                EXTI2_IRQHandler
                0x0000000008000cd4                EXTI3_IRQHandler
                0x0000000008000cf8                EXTI4_IRQHandler
                0x0000000008000d1c                EXTI9_5_IRQHandler
                0x0000000008000dec                EXTI15_10_IRQHandler
                0x0000000008000ee8                io_configure
                0x0000000008001424                io_read
                0x000000000800143e                io_write
                0x0000000008001478                io_write_n
                0x00000000080014ae                io_set
                0x00000000080014c6                io_clear
 .text          0x00000000080014e0     0x1170 lib/dma.o
                0x0000000008001564                DMA1_Stream0_IRQHandler
                0x0000000008001624                DMA1_Stream1_IRQHandler
                0x00000000080016ec                DMA1_Stream2_IRQHandler
                0x00000000080017b4                DMA1_Stream3_IRQHandler
                0x000000000800187c                DMA1_Stream4_IRQHandler
                0x000000000800193c                DMA1_Stream5_IRQHandler
                0x0000000008001a04                DMA1_Stream6_IRQHandler
                0x0000000008001acc                DMA1_Stream7_IRQHandler
                0x0000000008001b94                DMA2_Stream0_IRQHandler
                0x0000000008001c54                DMA2_Stream1_IRQHandler
                0x0000000008001d1c                DMA2_Stream2_IRQHandler
                0x0000000008001de4                DMA2_Stream3_IRQHandler
                0x0000000008001eac                DMA2_Stream4_IRQHandler
                0x0000000008001f6c                DMA2_Stream5_IRQHandler
                0x0000000008002034                DMA2_Stream6_IRQHandler
                0x00000000080020fc                DMA2_Stream7_IRQHandler
                0x00000000080021c4                dma_stream_init
                0x0000000008002564                dma_start
                0x00000000080025ba                dma_stop
                0x00000000080025de                dma_complete
                0x00000000080025fa                dma_status
 .text          0x0000000008002650      0x9a0 lib/timer.o
                0x00000000080026d4                TIM2_IRQHandler
                0x0000000008002700                TIM3_IRQHandler
                0x000000000800272c                TIM4_IRQHandler
                0x0000000008002758                TIM5_IRQHandler
                0x0000000008002784                timer_wait_ms
                0x000000000800291c                timer_wait_us
                0x0000000008002aac                timer_tick_init
                0x0000000008002c28                timer_tick_period
                0x0000000008002c4c                timer_count_init
                0x0000000008002d20                timer_start
                0x0000000008002d3c                timer_stop
                0x0000000008002d52                timer_read
                0x0000000008002d60                pwm_init
                0x0000000008002ec4                pwm_channel_enable
                0x0000000008002f88                pwm_channel_disable
                0x0000000008002fac                pwm_channel_set
 .text          0x0000000008002ff0      0x810 lib/uart.o
                0x0000000008003074                USART2_IRQHandler
                0x000000000800320c                uart_init
                0x0000000008003338                uart_getc
                0x0000000008003388                uart_getc_with_timeout
                0x00000000080033f6                uart_getchar
                0x000000000800344a                uart_putc
                0x00000000080034ba                uart_puts
                0x000000000800354e                uart_printf
                0x00000000080036d6                uart_read
                0x0000000008003752                uart_write
                0x00000000080037e4                uart_tx_completed
 .text          0x0000000008003800      0x140 lib/util.o
                0x0000000008003800                num2str
                0x00000000080038a4                str2num
 .text          0x0000000008003940      0x634 src/main_pdm.o
                0x0000000008003940                pdm_buf_filled_cb
                0x0000000008003950                compute_energy
                0x00000000080039f4                compute_xcorr
                0x0000000008003b1c                find_max_index
                0x0000000008003b68                absisse_tau
                0x0000000008003ba6                led
                0x0000000008003bcc                leds_init
                0x0000000008003bf0                calculate_tau
                0x0000000008003c1e                calculate_theta
                0x0000000008003ca4                main
 .text          0x0000000008003f74      0xb34 cca02m2/cca02m2_audio.o
                0x0000000008003f74                AUDIO_IN_Init
                0x000000000800425c                AUDIO_IN_DeInit
                0x0000000008004274                AUDIO_IN_Record
                0x00000000080042e0                AUDIO_IN_Stop
                0x0000000008004334                AUDIO_IN_Pause
                0x0000000008004358                AUDIO_IN_Resume
                0x000000000800437c                AUDIO_IN_SetSampleRate
                0x00000000080043d4                AUDIO_IN_GetSampleRate
                0x00000000080043ec                AUDIO_IN_SetBitsPerSample
                0x0000000008004444                AUDIO_IN_GetBitsPerSample
                0x000000000800445c                AUDIO_IN_SetChannelsNbr
                0x000000000800446a                AUDIO_IN_GetChannelsNbr
                0x0000000008004484                AUDIO_IN_SetVolume
                0x000000000800451c                AUDIO_IN_GetVolume
                0x0000000008004534                AUDIO_IN_GetState
                0x000000000800454c                AUDIO_IN_PDMToPCM
 .text          0x0000000008004aa8        0xc /usr/lib/gcc/arm-none-eabi/10.3.1/../../../arm-none-eabi/lib/thumb/v7e-m+fp/softfp/libc.a(lib_a-atexit.o)
                0x0000000008004aa8                atexit
 .text          0x0000000008004ab4       0x2c /usr/lib/gcc/arm-none-eabi/10.3.1/../../../arm-none-eabi/lib/thumb/v7e-m+fp/softfp/libc.a(lib_a-fini.o)
                0x0000000008004ab4                __libc_fini_array
 .text          0x0000000008004ae0       0x48 /usr/lib/gcc/arm-none-eabi/10.3.1/../../../arm-none-eabi/lib/thumb/v7e-m+fp/softfp/libc.a(lib_a-init.o)
                0x0000000008004ae0                __libc_init_array
 .text          0x0000000008004b28       0xa4 /usr/lib/gcc/arm-none-eabi/10.3.1/../../../arm-none-eabi/lib/thumb/v7e-m+fp/softfp/libc.a(lib_a-memset.o)
                0x0000000008004b28                memset
 .text          0x0000000008004bcc       0x78 /usr/lib/gcc/arm-none-eabi/10.3.1/../../../arm-none-eabi/lib/thumb/v7e-m+fp/softfp/libc.a(lib_a-sprintf.o)
                0x0000000008004bcc                _sprintf_r
                0x0000000008004c04                sprintf
 *fill*         0x0000000008004c44        0x4 
 .text          0x0000000008004c48     0x14bc /usr/lib/gcc/arm-none-eabi/10.3.1/../../../arm-none-eabi/lib/thumb/v7e-m+fp/softfp/libc.a(lib_a-svfprintf.o)
                0x0000000008004c48                _svfprintf_r
 .text          0x0000000008006104       0x68 /usr/lib/gcc/arm-none-eabi/10.3.1/../../../arm-none-eabi/lib/thumb/v7e-m+fp/softfp/libc.a(lib_a-__atexit.o)
                0x0000000008006104                __register_exitproc
 *fill*         0x000000000800616c        0x4 
 .text          0x0000000008006170     0x105c /usr/lib/gcc/arm-none-eabi/10.3.1/../../../arm-none-eabi/lib/thumb/v7e-m+fp/softfp/libc.a(lib_a-dtoa.o)
                0x0000000008006298                _dtoa_r
 .text          0x00000000080071cc       0x14 /usr/lib/gcc/arm-none-eabi/10.3.1/../../../arm-none-eabi/lib/thumb/v7e-m+fp/softfp/libc.a(lib_a-localeconv.o)
                0x00000000080071cc                __localeconv_l
                0x00000000080071d0                _localeconv_r
                0x00000000080071d8                localeconv
 .text          0x00000000080071e0      0x554 /usr/lib/gcc/arm-none-eabi/10.3.1/../../../arm-none-eabi/lib/thumb/v7e-m+fp/softfp/libc.a(lib_a-mallocr.o)
                0x00000000080071e0                _malloc_r
 *fill*         0x0000000008007734        0xc 
 .text          0x0000000008007740       0xa0 /usr/lib/gcc/arm-none-eabi/10.3.1/../../../arm-none-eabi/lib/thumb/v7e-m+fp/softfp/libc.a(lib_a-memchr.o)
                0x0000000008007740                memchr
 .text          0x00000000080077e0      0x134 /usr/lib/gcc/arm-none-eabi/10.3.1/../../../arm-none-eabi/lib/thumb/v7e-m+fp/softfp/libc.a(lib_a-memcpy.o)
                0x00000000080077e0                memcpy
 .text          0x0000000008007914        0x8 /usr/lib/gcc/arm-none-eabi/10.3.1/../../../arm-none-eabi/lib/thumb/v7e-m+fp/softfp/libc.a(lib_a-mlock.o)
                0x0000000008007914                __malloc_lock
                0x0000000008007918                __malloc_unlock
 .text          0x000000000800791c      0xa80 /usr/lib/gcc/arm-none-eabi/10.3.1/../../../arm-none-eabi/lib/thumb/v7e-m+fp/softfp/libc.a(lib_a-mprec.o)
                0x000000000800791c                _Balloc
                0x0000000008007968                _Bfree
                0x000000000800797c                __multadd
                0x0000000008007a24                __s2b
                0x0000000008007ad8                __hi0bits
                0x0000000008007b18                __lo0bits
                0x0000000008007b78                __i2b
                0x0000000008007bd4                __multiply
                0x0000000008007d30                __pow5mult
                0x0000000008007df0                __lshift
                0x0000000008007ee0                __mcmp
                0x0000000008007f24                __mdiff
                0x0000000008008070                __ulp
                0x00000000080080b4                __b2d
                0x0000000008008184                __d2b
                0x0000000008008248                __ratio
                0x00000000080082a4                _mprec_log10
                0x00000000080082dc                __copybits
                0x0000000008008338                __any_on
 .text          0x000000000800839c       0x24 /usr/lib/gcc/arm-none-eabi/10.3.1/../../../arm-none-eabi/lib/thumb/v7e-m+fp/softfp/libc.a(lib_a-sbrkr.o)
                0x000000000800839c                _sbrk_r
 .text          0x00000000080083c0       0xdc /usr/lib/gcc/arm-none-eabi/10.3.1/../../../arm-none-eabi/lib/thumb/v7e-m+fp/softfp/libc.a(lib_a-strlen.o)
                0x00000000080083c0                strlen
 .text          0x000000000800849c      0xb54 /usr/lib/gcc/arm-none-eabi/10.3.1/../../../arm-none-eabi/lib/thumb/v7e-m+fp/softfp/libc.a(lib_a-svfiprintf.o)
                0x000000000800849c                __ssprint_r
                0x0000000008008594                _svfiprintf_r
 .text          0x0000000008008ff0       0x4c /usr/lib/gcc/arm-none-eabi/10.3.1/../../../arm-none-eabi/lib/thumb/v7e-m+fp/softfp/libc.a(lib_a-assert.o)
                0x0000000008008ff0                __assert_func
                0x0000000008009030                __assert
 .text          0x000000000800903c       0x60 /usr/lib/gcc/arm-none-eabi/10.3.1/../../../arm-none-eabi/lib/thumb/v7e-m+fp/softfp/libc.a(lib_a-callocr.o)
                0x000000000800903c                _calloc_r
 .text          0x000000000800909c       0x44 /usr/lib/gcc/arm-none-eabi/10.3.1/../../../arm-none-eabi/lib/thumb/v7e-m+fp/softfp/libc.a(lib_a-fiprintf.o)
                0x000000000800909c                _fiprintf_r
                0x00000000080090b8                fiprintf
 .text          0x00000000080090e0      0x2ac /usr/lib/gcc/arm-none-eabi/10.3.1/../../../arm-none-eabi/lib/thumb/v7e-m+fp/softfp/libc.a(lib_a-freer.o)
                0x00000000080090e0                _malloc_trim_r
                0x0000000008009180                _free_r
 .text          0x000000000800938c       0x8c /usr/lib/gcc/arm-none-eabi/10.3.1/../../../arm-none-eabi/lib/thumb/v7e-m+fp/softfp/libc.a(lib_a-locale.o)
                0x000000000800938c                _setlocale_r
                0x00000000080093cc                __locale_mb_cur_max
                0x00000000080093d8                setlocale
 .text          0x0000000008009418       0x40 /usr/lib/gcc/arm-none-eabi/10.3.1/../../../arm-none-eabi/lib/thumb/v7e-m+fp/softfp/libc.a(lib_a-mbtowc_r.o)
                0x0000000008009418                _mbtowc_r
                0x000000000800942c                __ascii_mbtowc
 .text          0x0000000008009458       0xf8 /usr/lib/gcc/arm-none-eabi/10.3.1/../../../arm-none-eabi/lib/thumb/v7e-m+fp/softfp/libc.a(lib_a-memmove.o)
                0x0000000008009458                memmove
 .text          0x0000000008009550      0x3d8 /usr/lib/gcc/arm-none-eabi/10.3.1/../../../arm-none-eabi/lib/thumb/v7e-m+fp/softfp/libc.a(lib_a-reallocr.o)
                0x0000000008009550                _realloc_r
 *fill*         0x0000000008009928       0x18 
 .text          0x0000000008009940      0x2dc /usr/lib/gcc/arm-none-eabi/10.3.1/../../../arm-none-eabi/lib/thumb/v7e-m+fp/softfp/libc.a(lib_a-strcmp.o)
                0x0000000008009948                strcmp
 .text          0x0000000008009c1c      0xd44 /usr/lib/gcc/arm-none-eabi/10.3.1/../../../arm-none-eabi/lib/thumb/v7e-m+fp/softfp/libc.a(lib_a-vfiprintf.o)
                0x0000000008009c94                __sprint_r
                0x0000000008009cac                _vfiprintf_r
                0x000000000800a8d8                vfiprintf
 .text          0x000000000800a960       0x30 /usr/lib/gcc/arm-none-eabi/10.3.1/../../../arm-none-eabi/lib/thumb/v7e-m+fp/softfp/libc.a(lib_a-wctomb_r.o)
                0x000000000800a960                _wctomb_r
                0x000000000800a974                __ascii_wctomb
 .text          0x000000000800a990       0xd4 /usr/lib/gcc/arm-none-eabi/10.3.1/../../../arm-none-eabi/lib/thumb/v7e-m+fp/softfp/libc.a(lib_a-wsetup.o)
                0x000000000800a990                __swsetup_r
 .text          0x000000000800aa64       0x10 /usr/lib/gcc/arm-none-eabi/10.3.1/../../../arm-none-eabi/lib/thumb/v7e-m+fp/softfp/libc.a(lib_a-abort.o)
                0x000000000800aa64                abort
 .text          0x000000000800aa74      0x1ac /usr/lib/gcc/arm-none-eabi/10.3.1/../../../arm-none-eabi/lib/thumb/v7e-m+fp/softfp/libc.a(lib_a-fflush.o)
                0x000000000800aa74                __sflush_r
                0x000000000800aba4                _fflush_r
                0x000000000800abd0                fflush
 .text          0x000000000800ac20      0x218 /usr/lib/gcc/arm-none-eabi/10.3.1/../../../arm-none-eabi/lib/thumb/v7e-m+fp/softfp/libc.a(lib_a-findfp.o)
                0x000000000800ac24                _cleanup_r
                0x000000000800ad0c                __sfmoreglue
                0x000000000800ad3c                __sfp
                0x000000000800ade4                _cleanup
                0x000000000800adf8                __sinit
                0x000000000800ae00                __sfp_lock_acquire
                0x000000000800ae04                __sfp_lock_release
                0x000000000800ae08                __sinit_lock_acquire
                0x000000000800ae0c                __sinit_lock_release
                0x000000000800ae10                __fp_lock_all
                0x000000000800ae24                __fp_unlock_all
 .text          0x000000000800ae38      0x118 /usr/lib/gcc/arm-none-eabi/10.3.1/../../../arm-none-eabi/lib/thumb/v7e-m+fp/softfp/libc.a(lib_a-fputwc.o)
                0x000000000800ae38                __fputwc
                0x000000000800aee0                _fputwc_r
                0x000000000800af08                fputwc
 .text          0x000000000800af50      0x2f0 /usr/lib/gcc/arm-none-eabi/10.3.1/../../../arm-none-eabi/lib/thumb/v7e-m+fp/softfp/libc.a(lib_a-fvwrite.o)
                0x000000000800af50                __sfvwrite_r
 .text          0x000000000800b240       0x88 /usr/lib/gcc/arm-none-eabi/10.3.1/../../../arm-none-eabi/lib/thumb/v7e-m+fp/softfp/libc.a(lib_a-fwalk.o)
                0x000000000800b240                _fwalk
                0x000000000800b280                _fwalk_reent
 .text          0x000000000800b2c8      0x140 /usr/lib/gcc/arm-none-eabi/10.3.1/../../../arm-none-eabi/lib/thumb/v7e-m+fp/softfp/libc.a(lib_a-makebuf.o)
                0x000000000800b2c8                __smakebuf_r
                0x000000000800b3a8                __swhatbuf_r
 .text          0x000000000800b408      0x288 /usr/lib/gcc/arm-none-eabi/10.3.1/../../../arm-none-eabi/lib/thumb/v7e-m+fp/softfp/libc.a(lib_a-signal.o)
                0x000000000800b408                _init_signal_r
                0x000000000800b438                _signal_r
                0x000000000800b484                _raise_r
                0x000000000800b4dc                __sigtramp_r
                0x000000000800b540                raise
                0x000000000800b59c                signal
                0x000000000800b5f0                _init_signal
                0x000000000800b628                __sigtramp
 .text          0x000000000800b690       0x30 /usr/lib/gcc/arm-none-eabi/10.3.1/../../../arm-none-eabi/lib/thumb/v7e-m+fp/softfp/libc.a(lib_a-signalr.o)
                0x000000000800b690                _kill_r
                0x000000000800b6bc                _getpid_r
 .text          0x000000000800b6c0       0x90 /usr/lib/gcc/arm-none-eabi/10.3.1/../../../arm-none-eabi/lib/thumb/v7e-m+fp/softfp/libc.a(lib_a-stdio.o)
                0x000000000800b6c0                __sread
                0x000000000800b6e4                __seofread
                0x000000000800b6e8                __swrite
                0x000000000800b728                __sseek
                0x000000000800b748                __sclose
 .text          0x000000000800b750       0xc8 /usr/lib/gcc/arm-none-eabi/10.3.1/../../../arm-none-eabi/lib/thumb/v7e-m+fp/softfp/libc.a(lib_a-wbuf.o)
                0x000000000800b750                __swbuf_r
                0x000000000800b800                __swbuf
 .text          0x000000000800b818       0x88 /usr/lib/gcc/arm-none-eabi/10.3.1/../../../arm-none-eabi/lib/thumb/v7e-m+fp/softfp/libc.a(lib_a-wcrtomb.o)
                0x000000000800b818                _wcrtomb_r
                0x000000000800b854                wcrtomb
 .text          0x000000000800b8a0       0x2c /usr/lib/gcc/arm-none-eabi/10.3.1/../../../arm-none-eabi/lib/thumb/v7e-m+fp/softfp/libc.a(lib_a-writer.o)
                0x000000000800b8a0                _write_r
 .text          0x000000000800b8cc       0x24 /usr/lib/gcc/arm-none-eabi/10.3.1/../../../arm-none-eabi/lib/thumb/v7e-m+fp/softfp/libc.a(lib_a-closer.o)
                0x000000000800b8cc                _close_r
 .text          0x000000000800b8f0       0xd4 /usr/lib/gcc/arm-none-eabi/10.3.1/../../../arm-none-eabi/lib/thumb/v7e-m+fp/softfp/libc.a(lib_a-fclose.o)
                0x000000000800b954                _fclose_r
                0x000000000800b988                fclose
 .text          0x000000000800b9c4       0x2c /usr/lib/gcc/arm-none-eabi/10.3.1/../../../arm-none-eabi/lib/thumb/v7e-m+fp/softfp/libc.a(lib_a-fstatr.o)
                0x000000000800b9c4                _fstat_r
 .text          0x000000000800b9f0       0x24 /usr/lib/gcc/arm-none-eabi/10.3.1/../../../arm-none-eabi/lib/thumb/v7e-m+fp/softfp/libc.a(lib_a-isattyr.o)
                0x000000000800b9f0                _isatty_r
 .text          0x000000000800ba14       0x2c /usr/lib/gcc/arm-none-eabi/10.3.1/../../../arm-none-eabi/lib/thumb/v7e-m+fp/softfp/libc.a(lib_a-lseekr.o)
                0x000000000800ba14                _lseek_r
 .text          0x000000000800ba40       0x2c /usr/lib/gcc/arm-none-eabi/10.3.1/../../../arm-none-eabi/lib/thumb/v7e-m+fp/softfp/libc.a(lib_a-readr.o)
                0x000000000800ba40                _read_r
 .text          0x000000000800ba6c      0x378 /usr/lib/gcc/arm-none-eabi/10.3.1/thumb/v7e-m+fp/softfp/libgcc.a(_arm_addsubdf3.o)
                0x000000000800ba6c                __aeabi_drsub
                0x000000000800ba74                __aeabi_dsub
                0x000000000800ba74                __subdf3
                0x000000000800ba78                __adddf3
                0x000000000800ba78                __aeabi_dadd
                0x000000000800bcf0                __aeabi_ui2d
                0x000000000800bcf0                __floatunsidf
                0x000000000800bd10                __floatsidf
                0x000000000800bd10                __aeabi_i2d
                0x000000000800bd34                __extendsfdf2
                0x000000000800bd34                __aeabi_f2d
                0x000000000800bd78                __aeabi_ul2d
                0x000000000800bd78                __floatundidf
                0x000000000800bd88                __floatdidf
                0x000000000800bd88                __aeabi_l2d
 .text          0x000000000800bde4      0x424 /usr/lib/gcc/arm-none-eabi/10.3.1/thumb/v7e-m+fp/softfp/libgcc.a(_arm_muldivdf3.o)
                0x000000000800bde4                __aeabi_dmul
                0x000000000800bde4                __muldf3
                0x000000000800c038                __aeabi_ddiv
                0x000000000800c038                __divdf3
 .text          0x000000000800c208      0x110 /usr/lib/gcc/arm-none-eabi/10.3.1/thumb/v7e-m+fp/softfp/libgcc.a(_arm_cmpdf2.o)
                0x000000000800c208                __gtdf2
                0x000000000800c208                __gedf2
                0x000000000800c210                __ltdf2
                0x000000000800c210                __ledf2
                0x000000000800c218                __cmpdf2
                0x000000000800c218                __eqdf2
                0x000000000800c218                __nedf2
                0x000000000800c294                __aeabi_cdrcmple
                0x000000000800c2a4                __aeabi_cdcmple
                0x000000000800c2a4                __aeabi_cdcmpeq
                0x000000000800c2b4                __aeabi_dcmpeq
                0x000000000800c2c8                __aeabi_dcmplt
                0x000000000800c2dc                __aeabi_dcmple
                0x000000000800c2f0                __aeabi_dcmpge
                0x000000000800c304                __aeabi_dcmpgt
 .text          0x000000000800c318       0x2c /usr/lib/gcc/arm-none-eabi/10.3.1/thumb/v7e-m+fp/softfp/libgcc.a(_arm_unorddf2.o)
                0x000000000800c318                __aeabi_dcmpun
                0x000000000800c318                __unorddf2
 .text          0x000000000800c344       0x50 /usr/lib/gcc/arm-none-eabi/10.3.1/thumb/v7e-m+fp/softfp/libgcc.a(_arm_fixdfsi.o)
                0x000000000800c344                __fixdfsi
                0x000000000800c344                __aeabi_d2iz
 .text          0x000000000800c394       0xa0 /usr/lib/gcc/arm-none-eabi/10.3.1/thumb/v7e-m+fp/softfp/libgcc.a(_arm_truncdfsf2.o)
                0x000000000800c394                __aeabi_d2f
                0x000000000800c394                __truncdfsf2
 .text          0x000000000800c434       0x30 /usr/lib/gcc/arm-none-eabi/10.3.1/thumb/v7e-m+fp/softfp/libgcc.a(_aeabi_uldivmod.o)
                0x000000000800c434                __aeabi_uldivmod
 .text          0x000000000800c464      0x2d0 /usr/lib/gcc/arm-none-eabi/10.3.1/thumb/v7e-m+fp/softfp/libgcc.a(_udivmoddi4.o)
                0x000000000800c464                __udivmoddi4
 .text          0x000000000800c734        0x4 /usr/lib/gcc/arm-none-eabi/10.3.1/thumb/v7e-m+fp/softfp/libgcc.a(_dvmd_tls.o)
                0x000000000800c734                __aeabi_ldiv0
                0x000000000800c734                __aeabi_idiv0
 .text          0x000000000800c738       0x54 /usr/lib/gcc/arm-none-eabi/10.3.1/../../../arm-none-eabi/lib/thumb/v7e-m+fp/softfp/libm.a(lib_a-sf_round.o)
                0x000000000800c738                roundf
 .text          0x000000000800c78c       0x60 /usr/lib/gcc/arm-none-eabi/10.3.1/../../../arm-none-eabi/lib/thumb/v7e-m+fp/softfp/libm.a(lib_a-w_asin.o)
                0x000000000800c78c                asin
 .text          0x000000000800c7ec       0x68 /usr/lib/gcc/arm-none-eabi/10.3.1/../../../arm-none-eabi/lib/thumb/v7e-m+fp/softfp/libm.a(lib_a-wf_asin.o)
                0x000000000800c7ec                asinf
 .text          0x000000000800c854      0x140 /usr/lib/gcc/arm-none-eabi/10.3.1/../../../arm-none-eabi/lib/thumb/v7e-m+fp/softfp/libm.a(lib_a-wf_pow.o)
                0x000000000800c854                powf
 *fill*         0x000000000800c994        0x4 
 .text          0x000000000800c998      0x45c /usr/lib/gcc/arm-none-eabi/10.3.1/../../../arm-none-eabi/lib/thumb/v7e-m+fp/softfp/libm.a(lib_a-e_asin.o)
                0x000000000800c998                __ieee754_asin
 .text          0x000000000800cdf4      0x16c /usr/lib/gcc/arm-none-eabi/10.3.1/../../../arm-none-eabi/lib/thumb/v7e-m+fp/softfp/libm.a(lib_a-e_sqrt.o)
                0x000000000800cdf4                __ieee754_sqrt
 .text          0x000000000800cf60      0x218 /usr/lib/gcc/arm-none-eabi/10.3.1/../../../arm-none-eabi/lib/thumb/v7e-m+fp/softfp/libm.a(lib_a-ef_asin.o)
                0x000000000800cf60                __ieee754_asinf
 .text          0x000000000800d178      0x624 /usr/lib/gcc/arm-none-eabi/10.3.1/../../../arm-none-eabi/lib/thumb/v7e-m+fp/softfp/libm.a(lib_a-ef_pow.o)
                0x000000000800d178                __ieee754_powf
 .text          0x000000000800d79c       0x10 /usr/lib/gcc/arm-none-eabi/10.3.1/../../../arm-none-eabi/lib/thumb/v7e-m+fp/softfp/libm.a(lib_a-ef_sqrt.o)
                0x000000000800d79c                __ieee754_sqrtf
 .text          0x000000000800d7ac        0x8 /usr/lib/gcc/arm-none-eabi/10.3.1/../../../arm-none-eabi/lib/thumb/v7e-m+fp/softfp/libm.a(lib_a-s_fabs.o)
                0x000000000800d7ac                fabs
 .text          0x000000000800d7b4        0xc /usr/lib/gcc/arm-none-eabi/10.3.1/../../../arm-none-eabi/lib/thumb/v7e-m+fp/softfp/libm.a(lib_a-s_nan.o)
                0x000000000800d7b4                nan
 .text          0x000000000800d7c0        0x8 /usr/lib/gcc/arm-none-eabi/10.3.1/../../../arm-none-eabi/lib/thumb/v7e-m+fp/softfp/libm.a(lib_a-sf_fabs.o)
                0x000000000800d7c0                fabsf
 .text          0x000000000800d7c8       0x10 /usr/lib/gcc/arm-none-eabi/10.3.1/../../../arm-none-eabi/lib/thumb/v7e-m+fp/softfp/libm.a(lib_a-sf_finite.o)
                0x000000000800d7c8                finitef
 .text          0x000000000800d7d8        0x8 /usr/lib/gcc/arm-none-eabi/10.3.1/../../../arm-none-eabi/lib/thumb/v7e-m+fp/softfp/libm.a(lib_a-sf_nan.o)
                0x000000000800d7d8                nanf
 .text          0x000000000800d7e0       0xc4 /usr/lib/gcc/arm-none-eabi/10.3.1/../../../arm-none-eabi/lib/thumb/v7e-m+fp/softfp/libm.a(lib_a-sf_rint.o)
                0x000000000800d7e0                rintf
 .text          0x000000000800d8a4       0xf0 /usr/lib/gcc/arm-none-eabi/10.3.1/../../../arm-none-eabi/lib/thumb/v7e-m+fp/softfp/libm.a(lib_a-sf_scalbn.o)
                0x000000000800d8a4                scalbnf
 .text          0x000000000800d994        0xc /usr/lib/gcc/arm-none-eabi/10.3.1/../../../arm-none-eabi/lib/thumb/v7e-m+fp/softfp/libc.a(lib_a-errno.o)
                0x000000000800d994                __errno
 *(.text*)
 .text.Reset_Handler
                0x000000000800d9a0       0x68 startup/startup_stm32f411xe.o
                0x000000000800d9a0                Reset_Handler
                0x000000000800d9ec                _exit
 .text.SVC_Handler
                0x000000000800da08       0x20 startup/startup_stm32f411xe.o
                0x000000000800da08                SVC_Handler
 .text.Default_Handler
                0x000000000800da28        0x2 startup/startup_stm32f411xe.o
                0x000000000800da28                RTC_Alarm_IRQHandler
                0x000000000800da28                SPI4_IRQHandler
                0x000000000800da28                TIM1_CC_IRQHandler
                0x000000000800da28                svc_dispatch
                0x000000000800da28                PVD_IRQHandler
                0x000000000800da28                SDIO_IRQHandler
                0x000000000800da28                TAMP_STAMP_IRQHandler
                0x000000000800da28                TIM1_UP_TIM10_IRQHandler
                0x000000000800da28                I2C3_ER_IRQHandler
                0x000000000800da28                I2C2_EV_IRQHandler
                0x000000000800da28                FPU_IRQHandler
                0x000000000800da28                SPI1_IRQHandler
                0x000000000800da28                TIM1_BRK_TIM9_IRQHandler
                0x000000000800da28                USART6_IRQHandler
                0x000000000800da28                I2C1_EV_IRQHandler
                0x000000000800da28                RCC_IRQHandler
                0x000000000800da28                Default_Handler
                0x000000000800da28                ADC_IRQHandler
                0x000000000800da28                SPI5_IRQHandler
                0x000000000800da28                I2C3_EV_IRQHandler
                0x000000000800da28                RTC_WKUP_IRQHandler
                0x000000000800da28                SPI2_IRQHandler
                0x000000000800da28                WWDG_IRQHandler
                0x000000000800da28                OTG_FS_WKUP_IRQHandler
                0x000000000800da28                TIM1_TRG_COM_TIM11_IRQHandler
                0x000000000800da28                I2C2_ER_IRQHandler
                0x000000000800da28                FLASH_IRQHandler
                0x000000000800da28                USART1_IRQHandler
                0x000000000800da28                OTG_FS_IRQHandler
                0x000000000800da28                SPI3_IRQHandler
                0x000000000800da28                I2C1_ER_IRQHandler
 *fill*         0x000000000800da2a        0x2 
 .text.D16_GENERIC
                0x000000000800da2c      0x120 cca02m2/libPDMFilter_CM4_GCC_wc32_softfp.a(pdm_filter.o)
 .text.D24_GENERIC
                0x000000000800db4c      0x190 cca02m2/libPDMFilter_CM4_GCC_wc32_softfp.a(pdm_filter.o)
 .text.D32_GENERIC
                0x000000000800dcdc      0x198 cca02m2/libPDMFilter_CM4_GCC_wc32_softfp.a(pdm_filter.o)
 .text.D48_GENERIC
                0x000000000800de74      0x1ec cca02m2/libPDMFilter_CM4_GCC_wc32_softfp.a(pdm_filter.o)
 .text.D64_GENERIC
                0x000000000800e060      0x220 cca02m2/libPDMFilter_CM4_GCC_wc32_softfp.a(pdm_filter.o)
 .text.D80_GENERIC
                0x000000000800e280      0x2a0 cca02m2/libPDMFilter_CM4_GCC_wc32_softfp.a(pdm_filter.o)
 .text.D128_GENERIC
                0x000000000800e520      0x3f0 cca02m2/libPDMFilter_CM4_GCC_wc32_softfp.a(pdm_filter.o)
 .text.D16_1CH_HTONS_VOL_HP
                0x000000000800e910       0xe4 cca02m2/libPDMFilter_CM4_GCC_wc32_softfp.a(pdm_filter.o)
 .text.D24_1CH_HTONS_VOL_HP
                0x000000000800e9f4      0x138 cca02m2/libPDMFilter_CM4_GCC_wc32_softfp.a(pdm_filter.o)
 .text.D32_1CH_HTONS_VOL_HP
                0x000000000800eb2c      0x144 cca02m2/libPDMFilter_CM4_GCC_wc32_softfp.a(pdm_filter.o)
 .text.D48_1CH_HTONS_VOL_HP
                0x000000000800ec70      0x16c cca02m2/libPDMFilter_CM4_GCC_wc32_softfp.a(pdm_filter.o)
 .text.D64_1CH_HTONS_VOL_HP
                0x000000000800eddc      0x1b8 cca02m2/libPDMFilter_CM4_GCC_wc32_softfp.a(pdm_filter.o)
 .text.D80_1CH_HTONS_VOL_HP
                0x000000000800ef94      0x214 cca02m2/libPDMFilter_CM4_GCC_wc32_softfp.a(pdm_filter.o)
 .text.D128_1CH_HTONS_VOL_HP
                0x000000000800f1a8      0x324 cca02m2/libPDMFilter_CM4_GCC_wc32_softfp.a(pdm_filter.o)
 .text.PDM_Filter_Init
                0x000000000800f4cc      0x168 cca02m2/libPDMFilter_CM4_GCC_wc32_softfp.a(pdm_filter.o)
                0x000000000800f4cc                PDM_Filter_Init
 .text.PDM_Filter_setConfig
                0x000000000800f634      0x1f8 cca02m2/libPDMFilter_CM4_GCC_wc32_softfp.a(pdm_filter.o)
                0x000000000800f634                PDM_Filter_setConfig
 .text.PDM_Filter
                0x000000000800f82c       0x1c cca02m2/libPDMFilter_CM4_GCC_wc32_softfp.a(pdm_filter.o)
                0x000000000800f82c                PDM_Filter
 .text.arm_fir_decimate_q15
                0x000000000800f848      0x424 DSP/libarm_cortexM4l_math.a(arm_fir_decimate_q15.o)
                0x000000000800f848                arm_fir_decimate_q15
 .text.arm_fir_decimate_init_q15
                0x000000000800fc6c       0x38 DSP/libarm_cortexM4l_math.a(arm_fir_decimate_init_q15.o)
                0x000000000800fc6c                arm_fir_decimate_init_q15
 .text.startup  0x000000000800fca4       0x14 /usr/lib/gcc/arm-none-eabi/10.3.1/../../../arm-none-eabi/lib/thumb/v7e-m+fp/softfp/libc.a(lib_a-__call_atexit.o)
 *(.glue_7)
 .glue_7        0x000000000800fcb8        0x0 linker stubs
 *(.glue_7t)
 .glue_7t       0x000000000800fcb8        0x0 linker stubs
 *(.eh_frame)
 .eh_frame      0x000000000800fcb8        0x0 /usr/lib/gcc/arm-none-eabi/10.3.1/thumb/v7e-m+fp/softfp/crtbegin.o
 *(.init)
 .init          0x000000000800fcb8        0x4 /usr/lib/gcc/arm-none-eabi/10.3.1/thumb/v7e-m+fp/softfp/crti.o
                0x000000000800fcb8                _init
 .init          0x000000000800fcbc        0x8 /usr/lib/gcc/arm-none-eabi/10.3.1/thumb/v7e-m+fp/softfp/crtn.o
 *(.fini)
 .fini          0x000000000800fcc4        0x4 /usr/lib/gcc/arm-none-eabi/10.3.1/thumb/v7e-m+fp/softfp/crti.o
                0x000000000800fcc4                _fini
 .fini          0x000000000800fcc8        0x8 /usr/lib/gcc/arm-none-eabi/10.3.1/thumb/v7e-m+fp/softfp/crtn.o
                0x000000000800fcd0                . = ALIGN (0x4)
                0x000000000800fcd0                _etext = .

.vfp11_veneer   0x000000000800fcd0        0x0
 .vfp11_veneer  0x000000000800fcd0        0x0 linker stubs

.v4_bx          0x000000000800fcd0        0x0
 .v4_bx         0x000000000800fcd0        0x0 linker stubs

.iplt           0x000000000800fcd0        0x0
 .iplt          0x000000000800fcd0        0x0 /usr/lib/gcc/arm-none-eabi/10.3.1/thumb/v7e-m+fp/softfp/crtbegin.o

.rodata         0x000000000800fcd0      0x5e8
                0x000000000800fcd0                . = ALIGN (0x4)
 *(.rodata)
 .rodata        0x000000000800fcd0       0x24 /usr/lib/gcc/arm-none-eabi/10.3.1/thumb/v7e-m+fp/softfp/crtbegin.o
 .rodata        0x000000000800fcf4      0x114 startup/stm32f411_periph.o
                0x000000000800fcf4                _SCnSCB
                0x000000000800fcf8                _SCB
                0x000000000800fcfc                _SysTick
                0x000000000800fd00                _NVIC
                0x000000000800fd04                _ITM
                0x000000000800fd08                _DWT
                0x000000000800fd0c                _TPI
                0x000000000800fd10                _CoreDebug
                0x000000000800fd14                _MPU
                0x000000000800fd18                _FPU
                0x000000000800fd1c                _TIM2
                0x000000000800fd20                _TIM3
                0x000000000800fd24                _TIM4
                0x000000000800fd28                _TIM5
                0x000000000800fd2c                _RTC
                0x000000000800fd30                _WWDG
                0x000000000800fd34                _IWDG
                0x000000000800fd38                _I2S2ext
                0x000000000800fd3c                _SPI2
                0x000000000800fd40                _SPI3
                0x000000000800fd44                _I2S3ext
                0x000000000800fd48                _USART2
                0x000000000800fd4c                _I2C1
                0x000000000800fd50                _I2C2
                0x000000000800fd54                _I2C3
                0x000000000800fd58                _PWR
                0x000000000800fd5c                _TIM1
                0x000000000800fd60                _USART1
                0x000000000800fd64                _USART6
                0x000000000800fd68                _ADC1
                0x000000000800fd6c                _ADC
                0x000000000800fd70                _SDIO
                0x000000000800fd74                _SPI1
                0x000000000800fd78                _SPI4
                0x000000000800fd7c                _SYSCFG
                0x000000000800fd80                _EXTI
                0x000000000800fd84                _TIM9
                0x000000000800fd88                _TIM10
                0x000000000800fd8c                _TIM11
                0x000000000800fd90                _SPI5
                0x000000000800fd94                _GPIOA
                0x000000000800fd98                _GPIOB
                0x000000000800fd9c                _GPIOC
                0x000000000800fda0                _GPIOD
                0x000000000800fda4                _GPIOE
                0x000000000800fda8                _GPIOH
                0x000000000800fdac                _CRC
                0x000000000800fdb0                _RCC
                0x000000000800fdb4                _FLASH
                0x000000000800fdb8                _DMA1
                0x000000000800fdbc                _DMA1_Stream0
                0x000000000800fdc0                _DMA1_Stream1
                0x000000000800fdc4                _DMA1_Stream2
                0x000000000800fdc8                _DMA1_Stream3
                0x000000000800fdcc                _DMA1_Stream4
                0x000000000800fdd0                _DMA1_Stream5
                0x000000000800fdd4                _DMA1_Stream6
                0x000000000800fdd8                _DMA1_Stream7
                0x000000000800fddc                _DMA2
                0x000000000800fde0                _DMA2_Stream0
                0x000000000800fde4                _DMA2_Stream1
                0x000000000800fde8                _DMA2_Stream2
                0x000000000800fdec                _DMA2_Stream3
                0x000000000800fdf0                _DMA2_Stream4
                0x000000000800fdf4                _DMA2_Stream5
                0x000000000800fdf8                _DMA2_Stream6
                0x000000000800fdfc                _DMA2_Stream7
                0x000000000800fe00                _DBGMCU
                0x000000000800fe04                _USB_OTG_FS
 .rodata        0x000000000800fe08       0x18 startup/system_stm32f4xx.o
                0x000000000800fe08                AHBPrescTable
                0x000000000800fe18                APBPrescTable
 .rodata        0x000000000800fe20        0xd src/main_pdm.o
 *fill*         0x000000000800fe2d        0x3 
 .rodata        0x000000000800fe30       0x70 cca02m2/cca02m2_audio.o
 .rodata        0x000000000800fea0       0x38 cca02m2/libPDMFilter_CM4_GCC_wc32_softfp.a(pdm_filter.o)
 .rodata        0x000000000800fed8        0x4 /usr/lib/gcc/arm-none-eabi/10.3.1/../../../arm-none-eabi/lib/thumb/v7e-m+fp/softfp/libc.a(lib_a-impure.o)
                0x000000000800fed8                _global_impure_ptr
 .rodata        0x000000000800fedc       0x20 /usr/lib/gcc/arm-none-eabi/10.3.1/../../../arm-none-eabi/lib/thumb/v7e-m+fp/softfp/libc.a(lib_a-svfprintf.o)
 *fill*         0x000000000800fefc        0x4 
 .rodata        0x000000000800ff00      0x128 /usr/lib/gcc/arm-none-eabi/10.3.1/../../../arm-none-eabi/lib/thumb/v7e-m+fp/softfp/libc.a(lib_a-mprec.o)
                0x000000000800ff10                __mprec_tens
                0x000000000800ffd8                __mprec_tinytens
                0x0000000008010000                __mprec_bigtens
 .rodata        0x0000000008010028       0x20 /usr/lib/gcc/arm-none-eabi/10.3.1/../../../arm-none-eabi/lib/thumb/v7e-m+fp/softfp/libc.a(lib_a-svfiprintf.o)
 .rodata        0x0000000008010048       0x20 /usr/lib/gcc/arm-none-eabi/10.3.1/../../../arm-none-eabi/lib/thumb/v7e-m+fp/softfp/libc.a(lib_a-vfiprintf.o)
 .rodata        0x0000000008010068      0x101 /usr/lib/gcc/arm-none-eabi/10.3.1/../../../arm-none-eabi/lib/thumb/v7e-m+fp/softfp/libc.a(lib_a-ctype_.o)
                0x0000000008010068                _ctype_
 *fill*         0x0000000008010169        0x3 
 .rodata        0x000000000801016c        0x8 /usr/lib/gcc/arm-none-eabi/10.3.1/../../../arm-none-eabi/lib/thumb/v7e-m+fp/softfp/libm.a(lib_a-sf_rint.o)
 .rodata        0x0000000008010174       0x24 /usr/lib/gcc/arm-none-eabi/10.3.1/thumb/v7e-m+fp/softfp/crtend.o
 *(.rodata*)
 .rodata.str1.4
                0x0000000008010198       0x42 /usr/lib/gcc/arm-none-eabi/10.3.1/../../../arm-none-eabi/lib/thumb/v7e-m+fp/softfp/libc.a(lib_a-svfprintf.o)
 *fill*         0x00000000080101da        0x2 
 .rodata.str1.4
                0x00000000080101dc       0x56 /usr/lib/gcc/arm-none-eabi/10.3.1/../../../arm-none-eabi/lib/thumb/v7e-m+fp/softfp/libc.a(lib_a-dtoa.o)
                                         0x5a (size before relaxing)
 *fill*         0x0000000008010232        0x2 
 .rodata.str1.4
                0x0000000008010234       0x33 /usr/lib/gcc/arm-none-eabi/10.3.1/../../../arm-none-eabi/lib/thumb/v7e-m+fp/softfp/libc.a(lib_a-mprec.o)
                                         0x47 (size before relaxing)
 .rodata.str1.4
                0x0000000008010267       0x2f /usr/lib/gcc/arm-none-eabi/10.3.1/../../../arm-none-eabi/lib/thumb/v7e-m+fp/softfp/libc.a(lib_a-svfiprintf.o)
 *fill*         0x0000000008010267        0x1 
 .rodata.str1.4
                0x0000000008010268       0x3f /usr/lib/gcc/arm-none-eabi/10.3.1/../../../arm-none-eabi/lib/thumb/v7e-m+fp/softfp/libc.a(lib_a-assert.o)
                                         0x43 (size before relaxing)
 *fill*         0x00000000080102a7        0x1 
 .rodata.str1.4
                0x00000000080102a8        0xe /usr/lib/gcc/arm-none-eabi/10.3.1/../../../arm-none-eabi/lib/thumb/v7e-m+fp/softfp/libc.a(lib_a-locale.o)
                                         0x12 (size before relaxing)
 .rodata.str1.4
                0x00000000080102b6       0x2f /usr/lib/gcc/arm-none-eabi/10.3.1/../../../arm-none-eabi/lib/thumb/v7e-m+fp/softfp/libc.a(lib_a-vfiprintf.o)
 .rodata.str1.4
                0x00000000080102b6        0x1 /usr/lib/gcc/arm-none-eabi/10.3.1/../../../arm-none-eabi/lib/thumb/v7e-m+fp/softfp/libm.a(lib_a-w_asin.o)
 .rodata.str1.4
                0x00000000080102b6        0x1 /usr/lib/gcc/arm-none-eabi/10.3.1/../../../arm-none-eabi/lib/thumb/v7e-m+fp/softfp/libm.a(lib_a-wf_asin.o)
 .rodata.str1.4
                0x00000000080102b6        0x1 /usr/lib/gcc/arm-none-eabi/10.3.1/../../../arm-none-eabi/lib/thumb/v7e-m+fp/softfp/libm.a(lib_a-ef_pow.o)
                0x00000000080102e8                . = ALIGN (0x4)
 *fill*         0x00000000080102b6        0x2 

.ARM.extab
 *(.ARM.extab* .gnu.linkonce.armextab.*)

.ARM            0x00000000080102b8        0x8
                0x00000000080102b8                __exidx_start = .
 *(.ARM.exidx*)
 .ARM.exidx     0x00000000080102b8        0x8 /usr/lib/gcc/arm-none-eabi/10.3.1/thumb/v7e-m+fp/softfp/libgcc.a(_udivmoddi4.o)
                0x00000000080102c0                __exidx_end = .

.rel.dyn        0x00000000080102c0        0x0
 .rel.iplt      0x00000000080102c0        0x0 /usr/lib/gcc/arm-none-eabi/10.3.1/thumb/v7e-m+fp/softfp/crtbegin.o

.preinit_array  0x00000000080102c0        0x0
                0x00000000080102c0                PROVIDE (__preinit_array_start = .)
 *(.preinit_array*)
                0x00000000080102c0                PROVIDE (__preinit_array_end = .)

.init_array     0x00000000080102c0        0x8
                0x00000000080102c0                PROVIDE (__init_array_start = .)
 *(SORT_BY_NAME(.init_array.*))
 .init_array.00000
                0x00000000080102c0        0x4 /usr/lib/gcc/arm-none-eabi/10.3.1/../../../arm-none-eabi/lib/thumb/v7e-m+fp/softfp/libc.a(lib_a-__call_atexit.o)
 *(.init_array*)
 .init_array    0x00000000080102c4        0x4 /usr/lib/gcc/arm-none-eabi/10.3.1/thumb/v7e-m+fp/softfp/crtbegin.o
                0x00000000080102c8                PROVIDE (__init_array_end = .)

.fini_array     0x00000000080102c8        0x4
                0x00000000080102c8                PROVIDE (__fini_array_start = .)
 *(SORT_BY_NAME(.fini_array.*))
 *(.fini_array*)
 .fini_array    0x00000000080102c8        0x4 /usr/lib/gcc/arm-none-eabi/10.3.1/thumb/v7e-m+fp/softfp/crtbegin.o
                0x00000000080102cc                PROVIDE (__fini_array_end = .)
                0x00000000080102cc                _sidata = LOADADDR (.data)

.data           0x0000000020000000     0x1020 load address 0x00000000080102cc
                0x0000000020000000                . = ALIGN (0x4)
                0x0000000020000000                _sdata = .
 *(.data)
 .data          0x0000000020000000       0xa8 startup/rcc.o
 .data          0x00000000200000a8        0x4 startup/system_stm32f4xx.o
                0x00000000200000a8                SystemCoreClock
 .data          0x00000000200000ac       0x11 lib/util.o
 *fill*         0x00000000200000bd        0x3 
 .data          0x00000000200000c0        0x8 src/main_pdm.o
                0x00000000200000c0                distance
                0x00000000200000c4                pi
 .data          0x00000000200000c8      0x1a4 cca02m2/cca02m2_audio.o
 .data          0x000000002000026c      0x400 cca02m2/libPDMFilter_CM4_GCC_wc32_softfp.a(pdm_filter.o)
 *fill*         0x000000002000066c        0x4 
 .data          0x0000000020000670      0x430 /usr/lib/gcc/arm-none-eabi/10.3.1/../../../arm-none-eabi/lib/thumb/v7e-m+fp/softfp/libc.a(lib_a-impure.o)
                0x0000000020000670                _impure_ptr
 .data          0x0000000020000aa0      0x410 /usr/lib/gcc/arm-none-eabi/10.3.1/../../../arm-none-eabi/lib/thumb/v7e-m+fp/softfp/libc.a(lib_a-mallocr.o)
                0x0000000020000aa0                __malloc_av_
                0x0000000020000ea8                __malloc_sbrk_base
                0x0000000020000eac                __malloc_trim_threshold
 .data          0x0000000020000eb0      0x16c /usr/lib/gcc/arm-none-eabi/10.3.1/../../../arm-none-eabi/lib/thumb/v7e-m+fp/softfp/libc.a(lib_a-locale.o)
                0x0000000020000eb0                __global_locale
 .data          0x000000002000101c        0x1 /usr/lib/gcc/arm-none-eabi/10.3.1/../../../arm-none-eabi/lib/thumb/v7e-m+fp/softfp/libm.a(lib_a-s_lib_ver.o)
                0x000000002000101c                __fdlib_version
 *(.data*)
                0x0000000020001020                . = ALIGN (0x4)
 *fill*         0x000000002000101d        0x3 
                0x0000000020001020                _edata = .

.tm_clone_table
                0x0000000020001020        0x0 load address 0x00000000080112ec
 .tm_clone_table
                0x0000000020001020        0x0 /usr/lib/gcc/arm-none-eabi/10.3.1/thumb/v7e-m+fp/softfp/crtbegin.o
 .tm_clone_table
                0x0000000020001020        0x0 /usr/lib/gcc/arm-none-eabi/10.3.1/thumb/v7e-m+fp/softfp/crtend.o

.igot.plt       0x0000000020001020        0x0 load address 0x00000000080112ec
 .igot.plt      0x0000000020001020        0x0 /usr/lib/gcc/arm-none-eabi/10.3.1/thumb/v7e-m+fp/softfp/crtbegin.o
                0x0000000020001020                . = ALIGN (0x4)

.bss            0x0000000020001020     0x6580 load address 0x00000000080112ec
                0x0000000020001020                _sbss = .
                0x0000000020001020                __bss_start__ = _sbss
 *(.bss)
 .bss           0x0000000020001020       0x1c /usr/lib/gcc/arm-none-eabi/10.3.1/thumb/v7e-m+fp/softfp/crtbegin.o
 .bss           0x000000002000103c       0x1c startup/rcc.o
                0x000000002000103c                sysclks
 .bss           0x0000000020001058        0x8 lib/tick.o
 .bss           0x0000000020001060       0x40 lib/io.o
 .bss           0x00000000200010a0       0x80 lib/dma.o
 .bss           0x0000000020001120       0x10 lib/timer.o
 .bss           0x0000000020001130       0x54 lib/uart.o
                0x0000000020001130                u2_ctx
 .bss           0x0000000020001184     0x2098 src/main_pdm.o
                0x0000000020001184                flag
                0x0000000020001188                pdm_buf
                0x0000000020002f88                pcm_buf
                0x0000000020003208                angle_to_send
 .bss           0x000000002000321c     0x4348 cca02m2/cca02m2_audio.o
                0x000000002000321c                AudioInCtx
 .bss           0x0000000020007564        0x1 cca02m2/libPDMFilter_CM4_GCC_wc32_softfp.a(pdm_filter.o)
 *fill*         0x0000000020007565        0x3 
 .bss           0x0000000020007568       0x34 /usr/lib/gcc/arm-none-eabi/10.3.1/../../../arm-none-eabi/lib/thumb/v7e-m+fp/softfp/libc.a(lib_a-mallocr.o)
                0x0000000020007568                __malloc_top_pad
                0x000000002000756c                __malloc_current_mallinfo
                0x0000000020007594                __malloc_max_sbrked_mem
                0x0000000020007598                __malloc_max_total_mem
 .bss           0x000000002000759c        0x4 /usr/lib/gcc/arm-none-eabi/10.3.1/../../../arm-none-eabi/lib/thumb/v7e-m+fp/softfp/libc.a(lib_a-reent.o)
                0x000000002000759c                errno
 *(.bss*)
 *(COMMON)
                0x00000000200075a0                . = ALIGN (0x4)
                0x00000000200075a0                _ebss = .
                0x00000000200075a0                __bss_end__ = _ebss

._user_heap_stack
                0x00000000200075a0      0x600 load address 0x00000000080112ec
                0x00000000200075a0                . = ALIGN (0x4)
                [!provide]                        PROVIDE (end = .)
                [!provide]                        PROVIDE (_end = .)
                0x00000000200075a0                PROVIDE (__heap_start = .)
                0x00000000200077a0                . = (. + _Min_Heap_Size)
 *fill*         0x00000000200075a0      0x200 
                0x00000000200077a0                . = ALIGN (0x4)
                0x00000000200077a0                PROVIDE (__heap_end = .)
                0x0000000020007ba0                . = (. + _Min_Stack_Size)
 *fill*         0x00000000200077a0      0x400 
                0x0000000020007ba0                . = ALIGN (0x4)
                0x0000000020007ba0                PROVIDE (__initial_psp = .)

/DISCARD/
 libc.a(*)
 libm.a(*)
 libgcc.a(*)

.ARM.attributes
                0x0000000000000000       0x2e
 *(.ARM.attributes)
 .ARM.attributes
                0x0000000000000000       0x1e /usr/lib/gcc/arm-none-eabi/10.3.1/thumb/v7e-m+fp/softfp/crti.o
 .ARM.attributes
                0x000000000000001e       0x32 /usr/lib/gcc/arm-none-eabi/10.3.1/thumb/v7e-m+fp/softfp/crtbegin.o
 .ARM.attributes
                0x0000000000000050       0x37 startup/stm32f411_periph.o
 .ARM.attributes
                0x0000000000000087       0x32 startup/sys_handlers.o
 .ARM.attributes
                0x00000000000000b9       0x32 startup/rcc.o
 .ARM.attributes
                0x00000000000000eb       0x32 startup/system_stm32f4xx.o
 .ARM.attributes
                0x000000000000011d       0x32 startup/alloc.o
 .ARM.attributes
                0x000000000000014f       0x32 lib/tick.o
 .ARM.attributes
                0x0000000000000181       0x32 lib/io.o
 .ARM.attributes
                0x00000000000001b3       0x32 lib/dma.o
 .ARM.attributes
                0x00000000000001e5       0x32 lib/timer.o
 .ARM.attributes
                0x0000000000000217       0x32 lib/uart.o
 .ARM.attributes
                0x0000000000000249       0x32 lib/util.o
 .ARM.attributes
                0x000000000000027b       0x32 src/main_pdm.o
 .ARM.attributes
                0x00000000000002ad       0x32 cca02m2/cca02m2_audio.o
 .ARM.attributes
                0x00000000000002df       0x21 startup/startup_stm32f411xe.o
 .ARM.attributes
                0x0000000000000300       0x37 cca02m2/libPDMFilter_CM4_GCC_wc32_softfp.a(pdm_filter.o)
 .ARM.attributes
                0x0000000000000337       0x33 DSP/libarm_cortexM4l_math.a(arm_fir_decimate_q15.o)
 .ARM.attributes
                0x000000000000036a       0x33 DSP/libarm_cortexM4l_math.a(arm_fir_decimate_init_q15.o)
 .ARM.attributes
                0x000000000000039d       0x32 /usr/lib/gcc/arm-none-eabi/10.3.1/../../../arm-none-eabi/lib/thumb/v7e-m+fp/softfp/libc.a(lib_a-atexit.o)
 .ARM.attributes
                0x00000000000003cf       0x32 /usr/lib/gcc/arm-none-eabi/10.3.1/../../../arm-none-eabi/lib/thumb/v7e-m+fp/softfp/libc.a(lib_a-fini.o)
 .ARM.attributes
                0x0000000000000401       0x30 /usr/lib/gcc/arm-none-eabi/10.3.1/../../../arm-none-eabi/lib/thumb/v7e-m+fp/softfp/libc.a(lib_a-impure.o)
 .ARM.attributes
                0x0000000000000431       0x32 /usr/lib/gcc/arm-none-eabi/10.3.1/../../../arm-none-eabi/lib/thumb/v7e-m+fp/softfp/libc.a(lib_a-init.o)
 .ARM.attributes
                0x0000000000000463       0x32 /usr/lib/gcc/arm-none-eabi/10.3.1/../../../arm-none-eabi/lib/thumb/v7e-m+fp/softfp/libc.a(lib_a-memset.o)
 .ARM.attributes
                0x0000000000000495       0x32 /usr/lib/gcc/arm-none-eabi/10.3.1/../../../arm-none-eabi/lib/thumb/v7e-m+fp/softfp/libc.a(lib_a-sprintf.o)
 .ARM.attributes
                0x00000000000004c7       0x32 /usr/lib/gcc/arm-none-eabi/10.3.1/../../../arm-none-eabi/lib/thumb/v7e-m+fp/softfp/libc.a(lib_a-svfprintf.o)
 .ARM.attributes
                0x00000000000004f9       0x32 /usr/lib/gcc/arm-none-eabi/10.3.1/../../../arm-none-eabi/lib/thumb/v7e-m+fp/softfp/libc.a(lib_a-__atexit.o)
 .ARM.attributes
                0x000000000000052b       0x32 /usr/lib/gcc/arm-none-eabi/10.3.1/../../../arm-none-eabi/lib/thumb/v7e-m+fp/softfp/libc.a(lib_a-__call_atexit.o)
 .ARM.attributes
                0x000000000000055d       0x32 /usr/lib/gcc/arm-none-eabi/10.3.1/../../../arm-none-eabi/lib/thumb/v7e-m+fp/softfp/libc.a(lib_a-dtoa.o)
 .ARM.attributes
                0x000000000000058f       0x32 /usr/lib/gcc/arm-none-eabi/10.3.1/../../../arm-none-eabi/lib/thumb/v7e-m+fp/softfp/libc.a(lib_a-localeconv.o)
 .ARM.attributes
                0x00000000000005c1       0x32 /usr/lib/gcc/arm-none-eabi/10.3.1/../../../arm-none-eabi/lib/thumb/v7e-m+fp/softfp/libc.a(lib_a-mallocr.o)
 .ARM.attributes
                0x00000000000005f3       0x1c /usr/lib/gcc/arm-none-eabi/10.3.1/../../../arm-none-eabi/lib/thumb/v7e-m+fp/softfp/libc.a(lib_a-memchr.o)
 .ARM.attributes
                0x000000000000060f       0x1c /usr/lib/gcc/arm-none-eabi/10.3.1/../../../arm-none-eabi/lib/thumb/v7e-m+fp/softfp/libc.a(lib_a-memcpy.o)
 .ARM.attributes
                0x000000000000062b       0x32 /usr/lib/gcc/arm-none-eabi/10.3.1/../../../arm-none-eabi/lib/thumb/v7e-m+fp/softfp/libc.a(lib_a-mlock.o)
 .ARM.attributes
                0x000000000000065d       0x32 /usr/lib/gcc/arm-none-eabi/10.3.1/../../../arm-none-eabi/lib/thumb/v7e-m+fp/softfp/libc.a(lib_a-mprec.o)
 .ARM.attributes
                0x000000000000068f       0x32 /usr/lib/gcc/arm-none-eabi/10.3.1/../../../arm-none-eabi/lib/thumb/v7e-m+fp/softfp/libc.a(lib_a-sbrkr.o)
 .ARM.attributes
                0x00000000000006c1       0x1c /usr/lib/gcc/arm-none-eabi/10.3.1/../../../arm-none-eabi/lib/thumb/v7e-m+fp/softfp/libc.a(lib_a-strlen.o)
 .ARM.attributes
                0x00000000000006dd       0x32 /usr/lib/gcc/arm-none-eabi/10.3.1/../../../arm-none-eabi/lib/thumb/v7e-m+fp/softfp/libc.a(lib_a-svfiprintf.o)
 .ARM.attributes
                0x000000000000070f       0x32 /usr/lib/gcc/arm-none-eabi/10.3.1/../../../arm-none-eabi/lib/thumb/v7e-m+fp/softfp/libc.a(lib_a-assert.o)
 .ARM.attributes
                0x0000000000000741       0x32 /usr/lib/gcc/arm-none-eabi/10.3.1/../../../arm-none-eabi/lib/thumb/v7e-m+fp/softfp/libc.a(lib_a-callocr.o)
 .ARM.attributes
                0x0000000000000773       0x32 /usr/lib/gcc/arm-none-eabi/10.3.1/../../../arm-none-eabi/lib/thumb/v7e-m+fp/softfp/libc.a(lib_a-fiprintf.o)
 .ARM.attributes
                0x00000000000007a5       0x32 /usr/lib/gcc/arm-none-eabi/10.3.1/../../../arm-none-eabi/lib/thumb/v7e-m+fp/softfp/libc.a(lib_a-freer.o)
 .ARM.attributes
                0x00000000000007d7       0x32 /usr/lib/gcc/arm-none-eabi/10.3.1/../../../arm-none-eabi/lib/thumb/v7e-m+fp/softfp/libc.a(lib_a-locale.o)
 .ARM.attributes
                0x0000000000000809       0x32 /usr/lib/gcc/arm-none-eabi/10.3.1/../../../arm-none-eabi/lib/thumb/v7e-m+fp/softfp/libc.a(lib_a-mbtowc_r.o)
 .ARM.attributes
                0x000000000000083b       0x32 /usr/lib/gcc/arm-none-eabi/10.3.1/../../../arm-none-eabi/lib/thumb/v7e-m+fp/softfp/libc.a(lib_a-memmove.o)
 .ARM.attributes
                0x000000000000086d       0x32 /usr/lib/gcc/arm-none-eabi/10.3.1/../../../arm-none-eabi/lib/thumb/v7e-m+fp/softfp/libc.a(lib_a-reallocr.o)
 .ARM.attributes
                0x000000000000089f       0x32 /usr/lib/gcc/arm-none-eabi/10.3.1/../../../arm-none-eabi/lib/thumb/v7e-m+fp/softfp/libc.a(lib_a-reent.o)
 .ARM.attributes
                0x00000000000008d1       0x1c /usr/lib/gcc/arm-none-eabi/10.3.1/../../../arm-none-eabi/lib/thumb/v7e-m+fp/softfp/libc.a(lib_a-strcmp.o)
 .ARM.attributes
                0x00000000000008ed       0x32 /usr/lib/gcc/arm-none-eabi/10.3.1/../../../arm-none-eabi/lib/thumb/v7e-m+fp/softfp/libc.a(lib_a-vfiprintf.o)
 .ARM.attributes
                0x000000000000091f       0x32 /usr/lib/gcc/arm-none-eabi/10.3.1/../../../arm-none-eabi/lib/thumb/v7e-m+fp/softfp/libc.a(lib_a-wctomb_r.o)
 .ARM.attributes
                0x0000000000000951       0x32 /usr/lib/gcc/arm-none-eabi/10.3.1/../../../arm-none-eabi/lib/thumb/v7e-m+fp/softfp/libc.a(lib_a-wsetup.o)
 .ARM.attributes
                0x0000000000000983       0x32 /usr/lib/gcc/arm-none-eabi/10.3.1/../../../arm-none-eabi/lib/thumb/v7e-m+fp/softfp/libc.a(lib_a-abort.o)
 .ARM.attributes
                0x00000000000009b5       0x30 /usr/lib/gcc/arm-none-eabi/10.3.1/../../../arm-none-eabi/lib/thumb/v7e-m+fp/softfp/libc.a(lib_a-ctype_.o)
 .ARM.attributes
                0x00000000000009e5       0x32 /usr/lib/gcc/arm-none-eabi/10.3.1/../../../arm-none-eabi/lib/thumb/v7e-m+fp/softfp/libc.a(lib_a-fflush.o)
 .ARM.attributes
                0x0000000000000a17       0x32 /usr/lib/gcc/arm-none-eabi/10.3.1/../../../arm-none-eabi/lib/thumb/v7e-m+fp/softfp/libc.a(lib_a-findfp.o)
 .ARM.attributes
                0x0000000000000a49       0x32 /usr/lib/gcc/arm-none-eabi/10.3.1/../../../arm-none-eabi/lib/thumb/v7e-m+fp/softfp/libc.a(lib_a-fputwc.o)
 .ARM.attributes
                0x0000000000000a7b       0x32 /usr/lib/gcc/arm-none-eabi/10.3.1/../../../arm-none-eabi/lib/thumb/v7e-m+fp/softfp/libc.a(lib_a-fvwrite.o)
 .ARM.attributes
                0x0000000000000aad       0x32 /usr/lib/gcc/arm-none-eabi/10.3.1/../../../arm-none-eabi/lib/thumb/v7e-m+fp/softfp/libc.a(lib_a-fwalk.o)
 .ARM.attributes
                0x0000000000000adf       0x32 /usr/lib/gcc/arm-none-eabi/10.3.1/../../../arm-none-eabi/lib/thumb/v7e-m+fp/softfp/libc.a(lib_a-makebuf.o)
 .ARM.attributes
                0x0000000000000b11       0x32 /usr/lib/gcc/arm-none-eabi/10.3.1/../../../arm-none-eabi/lib/thumb/v7e-m+fp/softfp/libc.a(lib_a-signal.o)
 .ARM.attributes
                0x0000000000000b43       0x32 /usr/lib/gcc/arm-none-eabi/10.3.1/../../../arm-none-eabi/lib/thumb/v7e-m+fp/softfp/libc.a(lib_a-signalr.o)
 .ARM.attributes
                0x0000000000000b75       0x32 /usr/lib/gcc/arm-none-eabi/10.3.1/../../../arm-none-eabi/lib/thumb/v7e-m+fp/softfp/libc.a(lib_a-stdio.o)
 .ARM.attributes
                0x0000000000000ba7       0x32 /usr/lib/gcc/arm-none-eabi/10.3.1/../../../arm-none-eabi/lib/thumb/v7e-m+fp/softfp/libc.a(lib_a-wbuf.o)
 .ARM.attributes
                0x0000000000000bd9       0x32 /usr/lib/gcc/arm-none-eabi/10.3.1/../../../arm-none-eabi/lib/thumb/v7e-m+fp/softfp/libc.a(lib_a-wcrtomb.o)
 .ARM.attributes
                0x0000000000000c0b       0x32 /usr/lib/gcc/arm-none-eabi/10.3.1/../../../arm-none-eabi/lib/thumb/v7e-m+fp/softfp/libc.a(lib_a-writer.o)
 .ARM.attributes
                0x0000000000000c3d       0x32 /usr/lib/gcc/arm-none-eabi/10.3.1/../../../arm-none-eabi/lib/thumb/v7e-m+fp/softfp/libc.a(lib_a-closer.o)
 .ARM.attributes
                0x0000000000000c6f       0x32 /usr/lib/gcc/arm-none-eabi/10.3.1/../../../arm-none-eabi/lib/thumb/v7e-m+fp/softfp/libc.a(lib_a-fclose.o)
 .ARM.attributes
                0x0000000000000ca1       0x32 /usr/lib/gcc/arm-none-eabi/10.3.1/../../../arm-none-eabi/lib/thumb/v7e-m+fp/softfp/libc.a(lib_a-fstatr.o)
 .ARM.attributes
                0x0000000000000cd3       0x32 /usr/lib/gcc/arm-none-eabi/10.3.1/../../../arm-none-eabi/lib/thumb/v7e-m+fp/softfp/libc.a(lib_a-isattyr.o)
 .ARM.attributes
                0x0000000000000d05       0x32 /usr/lib/gcc/arm-none-eabi/10.3.1/../../../arm-none-eabi/lib/thumb/v7e-m+fp/softfp/libc.a(lib_a-lseekr.o)
 .ARM.attributes
                0x0000000000000d37       0x32 /usr/lib/gcc/arm-none-eabi/10.3.1/../../../arm-none-eabi/lib/thumb/v7e-m+fp/softfp/libc.a(lib_a-readr.o)
 .ARM.attributes
                0x0000000000000d69       0x1e /usr/lib/gcc/arm-none-eabi/10.3.1/thumb/v7e-m+fp/softfp/libgcc.a(_arm_addsubdf3.o)
 .ARM.attributes
                0x0000000000000d87       0x1e /usr/lib/gcc/arm-none-eabi/10.3.1/thumb/v7e-m+fp/softfp/libgcc.a(_arm_muldivdf3.o)
 .ARM.attributes
                0x0000000000000da5       0x1e /usr/lib/gcc/arm-none-eabi/10.3.1/thumb/v7e-m+fp/softfp/libgcc.a(_arm_cmpdf2.o)
 .ARM.attributes
                0x0000000000000dc3       0x1e /usr/lib/gcc/arm-none-eabi/10.3.1/thumb/v7e-m+fp/softfp/libgcc.a(_arm_unorddf2.o)
 .ARM.attributes
                0x0000000000000de1       0x1e /usr/lib/gcc/arm-none-eabi/10.3.1/thumb/v7e-m+fp/softfp/libgcc.a(_arm_fixdfsi.o)
 .ARM.attributes
                0x0000000000000dff       0x1e /usr/lib/gcc/arm-none-eabi/10.3.1/thumb/v7e-m+fp/softfp/libgcc.a(_arm_truncdfsf2.o)
 .ARM.attributes
                0x0000000000000e1d       0x1e /usr/lib/gcc/arm-none-eabi/10.3.1/thumb/v7e-m+fp/softfp/libgcc.a(_aeabi_uldivmod.o)
 .ARM.attributes
                0x0000000000000e3b       0x32 /usr/lib/gcc/arm-none-eabi/10.3.1/thumb/v7e-m+fp/softfp/libgcc.a(_udivmoddi4.o)
 .ARM.attributes
                0x0000000000000e6d       0x1e /usr/lib/gcc/arm-none-eabi/10.3.1/thumb/v7e-m+fp/softfp/libgcc.a(_dvmd_tls.o)
 .ARM.attributes
                0x0000000000000e8b       0x32 /usr/lib/gcc/arm-none-eabi/10.3.1/../../../arm-none-eabi/lib/thumb/v7e-m+fp/softfp/libm.a(lib_a-sf_round.o)
 .ARM.attributes
                0x0000000000000ebd       0x32 /usr/lib/gcc/arm-none-eabi/10.3.1/../../../arm-none-eabi/lib/thumb/v7e-m+fp/softfp/libm.a(lib_a-w_asin.o)
 .ARM.attributes
                0x0000000000000eef       0x32 /usr/lib/gcc/arm-none-eabi/10.3.1/../../../arm-none-eabi/lib/thumb/v7e-m+fp/softfp/libm.a(lib_a-wf_asin.o)
 .ARM.attributes
                0x0000000000000f21       0x32 /usr/lib/gcc/arm-none-eabi/10.3.1/../../../arm-none-eabi/lib/thumb/v7e-m+fp/softfp/libm.a(lib_a-wf_pow.o)
 .ARM.attributes
                0x0000000000000f53       0x32 /usr/lib/gcc/arm-none-eabi/10.3.1/../../../arm-none-eabi/lib/thumb/v7e-m+fp/softfp/libm.a(lib_a-e_asin.o)
 .ARM.attributes
                0x0000000000000f85       0x32 /usr/lib/gcc/arm-none-eabi/10.3.1/../../../arm-none-eabi/lib/thumb/v7e-m+fp/softfp/libm.a(lib_a-e_sqrt.o)
 .ARM.attributes
                0x0000000000000fb7       0x32 /usr/lib/gcc/arm-none-eabi/10.3.1/../../../arm-none-eabi/lib/thumb/v7e-m+fp/softfp/libm.a(lib_a-ef_asin.o)
 .ARM.attributes
                0x0000000000000fe9       0x32 /usr/lib/gcc/arm-none-eabi/10.3.1/../../../arm-none-eabi/lib/thumb/v7e-m+fp/softfp/libm.a(lib_a-ef_pow.o)
 .ARM.attributes
                0x000000000000101b       0x32 /usr/lib/gcc/arm-none-eabi/10.3.1/../../../arm-none-eabi/lib/thumb/v7e-m+fp/softfp/libm.a(lib_a-ef_sqrt.o)
 .ARM.attributes
                0x000000000000104d       0x32 /usr/lib/gcc/arm-none-eabi/10.3.1/../../../arm-none-eabi/lib/thumb/v7e-m+fp/softfp/libm.a(lib_a-s_fabs.o)
 .ARM.attributes
                0x000000000000107f       0x30 /usr/lib/gcc/arm-none-eabi/10.3.1/../../../arm-none-eabi/lib/thumb/v7e-m+fp/softfp/libm.a(lib_a-s_lib_ver.o)
 .ARM.attributes
                0x00000000000010af       0x32 /usr/lib/gcc/arm-none-eabi/10.3.1/../../../arm-none-eabi/lib/thumb/v7e-m+fp/softfp/libm.a(lib_a-s_nan.o)
 .ARM.attributes
                0x00000000000010e1       0x32 /usr/lib/gcc/arm-none-eabi/10.3.1/../../../arm-none-eabi/lib/thumb/v7e-m+fp/softfp/libm.a(lib_a-sf_fabs.o)
 .ARM.attributes
                0x0000000000001113       0x32 /usr/lib/gcc/arm-none-eabi/10.3.1/../../../arm-none-eabi/lib/thumb/v7e-m+fp/softfp/libm.a(lib_a-sf_finite.o)
 .ARM.attributes
                0x0000000000001145       0x32 /usr/lib/gcc/arm-none-eabi/10.3.1/../../../arm-none-eabi/lib/thumb/v7e-m+fp/softfp/libm.a(lib_a-sf_nan.o)
 .ARM.attributes
                0x0000000000001177       0x32 /usr/lib/gcc/arm-none-eabi/10.3.1/../../../arm-none-eabi/lib/thumb/v7e-m+fp/softfp/libm.a(lib_a-sf_rint.o)
 .ARM.attributes
                0x00000000000011a9       0x32 /usr/lib/gcc/arm-none-eabi/10.3.1/../../../arm-none-eabi/lib/thumb/v7e-m+fp/softfp/libm.a(lib_a-sf_scalbn.o)
 .ARM.attributes
                0x00000000000011db       0x32 /usr/lib/gcc/arm-none-eabi/10.3.1/../../../arm-none-eabi/lib/thumb/v7e-m+fp/softfp/libc.a(lib_a-errno.o)
 .ARM.attributes
                0x000000000000120d       0x30 /usr/lib/gcc/arm-none-eabi/10.3.1/thumb/v7e-m+fp/softfp/crtend.o
 .ARM.attributes
                0x000000000000123d       0x1e /usr/lib/gcc/arm-none-eabi/10.3.1/thumb/v7e-m+fp/softfp/crtn.o
OUTPUT(main.elf elf32-littlearm)
LOAD linker stubs
LOAD /usr/lib/gcc/arm-none-eabi/10.3.1/../../../arm-none-eabi/lib/thumb/v7e-m+fp/softfp/libc.a
LOAD /usr/lib/gcc/arm-none-eabi/10.3.1/../../../arm-none-eabi/lib/thumb/v7e-m+fp/softfp/libm.a
LOAD /usr/lib/gcc/arm-none-eabi/10.3.1/thumb/v7e-m+fp/softfp/libgcc.a

.comment        0x0000000000000000      0x120
 .comment       0x0000000000000000       0x33 /usr/lib/gcc/arm-none-eabi/10.3.1/thumb/v7e-m+fp/softfp/crtbegin.o
                                         0x34 (size before relaxing)
 .comment       0x0000000000000033       0x34 startup/stm32f411_periph.o
 .comment       0x0000000000000033       0x34 startup/sys_handlers.o
 .comment       0x0000000000000033       0x34 startup/rcc.o
 .comment       0x0000000000000033       0x34 startup/system_stm32f4xx.o
 .comment       0x0000000000000033       0x34 startup/alloc.o
 .comment       0x0000000000000033       0x34 lib/tick.o
 .comment       0x0000000000000033       0x34 lib/io.o
 .comment       0x0000000000000033       0x34 lib/dma.o
 .comment       0x0000000000000033       0x34 lib/timer.o
 .comment       0x0000000000000033       0x34 lib/uart.o
 .comment       0x0000000000000033       0x34 lib/util.o
 .comment       0x0000000000000033       0x34 src/main_pdm.o
 .comment       0x0000000000000033       0x34 cca02m2/cca02m2_audio.o
 .comment       0x0000000000000033       0x7f cca02m2/libPDMFilter_CM4_GCC_wc32_softfp.a(pdm_filter.o)
                                         0x80 (size before relaxing)
 .comment       0x00000000000000b2       0x6e DSP/libarm_cortexM4l_math.a(arm_fir_decimate_q15.o)
                                         0x6f (size before relaxing)
 .comment       0x0000000000000120       0x6f DSP/libarm_cortexM4l_math.a(arm_fir_decimate_init_q15.o)
 .comment       0x0000000000000120       0x34 /usr/lib/gcc/arm-none-eabi/10.3.1/../../../arm-none-eabi/lib/thumb/v7e-m+fp/softfp/libc.a(lib_a-atexit.o)
 .comment       0x0000000000000120       0x34 /usr/lib/gcc/arm-none-eabi/10.3.1/../../../arm-none-eabi/lib/thumb/v7e-m+fp/softfp/libc.a(lib_a-fini.o)
 .comment       0x0000000000000120       0x34 /usr/lib/gcc/arm-none-eabi/10.3.1/../../../arm-none-eabi/lib/thumb/v7e-m+fp/softfp/libc.a(lib_a-impure.o)
 .comment       0x0000000000000120       0x34 /usr/lib/gcc/arm-none-eabi/10.3.1/../../../arm-none-eabi/lib/thumb/v7e-m+fp/softfp/libc.a(lib_a-init.o)
 .comment       0x0000000000000120       0x34 /usr/lib/gcc/arm-none-eabi/10.3.1/../../../arm-none-eabi/lib/thumb/v7e-m+fp/softfp/libc.a(lib_a-memset.o)
 .comment       0x0000000000000120       0x34 /usr/lib/gcc/arm-none-eabi/10.3.1/../../../arm-none-eabi/lib/thumb/v7e-m+fp/softfp/libc.a(lib_a-sprintf.o)
 .comment       0x0000000000000120       0x34 /usr/lib/gcc/arm-none-eabi/10.3.1/../../../arm-none-eabi/lib/thumb/v7e-m+fp/softfp/libc.a(lib_a-svfprintf.o)
 .comment       0x0000000000000120       0x34 /usr/lib/gcc/arm-none-eabi/10.3.1/../../../arm-none-eabi/lib/thumb/v7e-m+fp/softfp/libc.a(lib_a-__atexit.o)
 .comment       0x0000000000000120       0x34 /usr/lib/gcc/arm-none-eabi/10.3.1/../../../arm-none-eabi/lib/thumb/v7e-m+fp/softfp/libc.a(lib_a-__call_atexit.o)
 .comment       0x0000000000000120       0x34 /usr/lib/gcc/arm-none-eabi/10.3.1/../../../arm-none-eabi/lib/thumb/v7e-m+fp/softfp/libc.a(lib_a-dtoa.o)
 .comment       0x0000000000000120       0x34 /usr/lib/gcc/arm-none-eabi/10.3.1/../../../arm-none-eabi/lib/thumb/v7e-m+fp/softfp/libc.a(lib_a-localeconv.o)
 .comment       0x0000000000000120       0x34 /usr/lib/gcc/arm-none-eabi/10.3.1/../../../arm-none-eabi/lib/thumb/v7e-m+fp/softfp/libc.a(lib_a-mallocr.o)
 .comment       0x0000000000000120       0x34 /usr/lib/gcc/arm-none-eabi/10.3.1/../../../arm-none-eabi/lib/thumb/v7e-m+fp/softfp/libc.a(lib_a-mlock.o)
 .comment       0x0000000000000120       0x34 /usr/lib/gcc/arm-none-eabi/10.3.1/../../../arm-none-eabi/lib/thumb/v7e-m+fp/softfp/libc.a(lib_a-mprec.o)
 .comment       0x0000000000000120       0x34 /usr/lib/gcc/arm-none-eabi/10.3.1/../../../arm-none-eabi/lib/thumb/v7e-m+fp/softfp/libc.a(lib_a-sbrkr.o)
 .comment       0x0000000000000120       0x34 /usr/lib/gcc/arm-none-eabi/10.3.1/../../../arm-none-eabi/lib/thumb/v7e-m+fp/softfp/libc.a(lib_a-svfiprintf.o)
 .comment       0x0000000000000120       0x34 /usr/lib/gcc/arm-none-eabi/10.3.1/../../../arm-none-eabi/lib/thumb/v7e-m+fp/softfp/libc.a(lib_a-assert.o)
 .comment       0x0000000000000120       0x34 /usr/lib/gcc/arm-none-eabi/10.3.1/../../../arm-none-eabi/lib/thumb/v7e-m+fp/softfp/libc.a(lib_a-callocr.o)
 .comment       0x0000000000000120       0x34 /usr/lib/gcc/arm-none-eabi/10.3.1/../../../arm-none-eabi/lib/thumb/v7e-m+fp/softfp/libc.a(lib_a-fiprintf.o)
 .comment       0x0000000000000120       0x34 /usr/lib/gcc/arm-none-eabi/10.3.1/../../../arm-none-eabi/lib/thumb/v7e-m+fp/softfp/libc.a(lib_a-freer.o)
 .comment       0x0000000000000120       0x34 /usr/lib/gcc/arm-none-eabi/10.3.1/../../../arm-none-eabi/lib/thumb/v7e-m+fp/softfp/libc.a(lib_a-locale.o)
 .comment       0x0000000000000120       0x34 /usr/lib/gcc/arm-none-eabi/10.3.1/../../../arm-none-eabi/lib/thumb/v7e-m+fp/softfp/libc.a(lib_a-mbtowc_r.o)
 .comment       0x0000000000000120       0x34 /usr/lib/gcc/arm-none-eabi/10.3.1/../../../arm-none-eabi/lib/thumb/v7e-m+fp/softfp/libc.a(lib_a-memmove.o)
 .comment       0x0000000000000120       0x34 /usr/lib/gcc/arm-none-eabi/10.3.1/../../../arm-none-eabi/lib/thumb/v7e-m+fp/softfp/libc.a(lib_a-reallocr.o)
 .comment       0x0000000000000120       0x34 /usr/lib/gcc/arm-none-eabi/10.3.1/../../../arm-none-eabi/lib/thumb/v7e-m+fp/softfp/libc.a(lib_a-reent.o)
 .comment       0x0000000000000120       0x34 /usr/lib/gcc/arm-none-eabi/10.3.1/../../../arm-none-eabi/lib/thumb/v7e-m+fp/softfp/libc.a(lib_a-vfiprintf.o)
 .comment       0x0000000000000120       0x34 /usr/lib/gcc/arm-none-eabi/10.3.1/../../../arm-none-eabi/lib/thumb/v7e-m+fp/softfp/libc.a(lib_a-wctomb_r.o)
 .comment       0x0000000000000120       0x34 /usr/lib/gcc/arm-none-eabi/10.3.1/../../../arm-none-eabi/lib/thumb/v7e-m+fp/softfp/libc.a(lib_a-wsetup.o)
 .comment       0x0000000000000120       0x34 /usr/lib/gcc/arm-none-eabi/10.3.1/../../../arm-none-eabi/lib/thumb/v7e-m+fp/softfp/libc.a(lib_a-abort.o)
 .comment       0x0000000000000120       0x34 /usr/lib/gcc/arm-none-eabi/10.3.1/../../../arm-none-eabi/lib/thumb/v7e-m+fp/softfp/libc.a(lib_a-ctype_.o)
 .comment       0x0000000000000120       0x34 /usr/lib/gcc/arm-none-eabi/10.3.1/../../../arm-none-eabi/lib/thumb/v7e-m+fp/softfp/libc.a(lib_a-fflush.o)
 .comment       0x0000000000000120       0x34 /usr/lib/gcc/arm-none-eabi/10.3.1/../../../arm-none-eabi/lib/thumb/v7e-m+fp/softfp/libc.a(lib_a-findfp.o)
 .comment       0x0000000000000120       0x34 /usr/lib/gcc/arm-none-eabi/10.3.1/../../../arm-none-eabi/lib/thumb/v7e-m+fp/softfp/libc.a(lib_a-fputwc.o)
 .comment       0x0000000000000120       0x34 /usr/lib/gcc/arm-none-eabi/10.3.1/../../../arm-none-eabi/lib/thumb/v7e-m+fp/softfp/libc.a(lib_a-fvwrite.o)
 .comment       0x0000000000000120       0x34 /usr/lib/gcc/arm-none-eabi/10.3.1/../../../arm-none-eabi/lib/thumb/v7e-m+fp/softfp/libc.a(lib_a-fwalk.o)
 .comment       0x0000000000000120       0x34 /usr/lib/gcc/arm-none-eabi/10.3.1/../../../arm-none-eabi/lib/thumb/v7e-m+fp/softfp/libc.a(lib_a-makebuf.o)
 .comment       0x0000000000000120       0x34 /usr/lib/gcc/arm-none-eabi/10.3.1/../../../arm-none-eabi/lib/thumb/v7e-m+fp/softfp/libc.a(lib_a-signal.o)
 .comment       0x0000000000000120       0x34 /usr/lib/gcc/arm-none-eabi/10.3.1/../../../arm-none-eabi/lib/thumb/v7e-m+fp/softfp/libc.a(lib_a-signalr.o)
 .comment       0x0000000000000120       0x34 /usr/lib/gcc/arm-none-eabi/10.3.1/../../../arm-none-eabi/lib/thumb/v7e-m+fp/softfp/libc.a(lib_a-stdio.o)
 .comment       0x0000000000000120       0x34 /usr/lib/gcc/arm-none-eabi/10.3.1/../../../arm-none-eabi/lib/thumb/v7e-m+fp/softfp/libc.a(lib_a-wbuf.o)
 .comment       0x0000000000000120       0x34 /usr/lib/gcc/arm-none-eabi/10.3.1/../../../arm-none-eabi/lib/thumb/v7e-m+fp/softfp/libc.a(lib_a-wcrtomb.o)
 .comment       0x0000000000000120       0x34 /usr/lib/gcc/arm-none-eabi/10.3.1/../../../arm-none-eabi/lib/thumb/v7e-m+fp/softfp/libc.a(lib_a-writer.o)
 .comment       0x0000000000000120       0x34 /usr/lib/gcc/arm-none-eabi/10.3.1/../../../arm-none-eabi/lib/thumb/v7e-m+fp/softfp/libc.a(lib_a-closer.o)
 .comment       0x0000000000000120       0x34 /usr/lib/gcc/arm-none-eabi/10.3.1/../../../arm-none-eabi/lib/thumb/v7e-m+fp/softfp/libc.a(lib_a-fclose.o)
 .comment       0x0000000000000120       0x34 /usr/lib/gcc/arm-none-eabi/10.3.1/../../../arm-none-eabi/lib/thumb/v7e-m+fp/softfp/libc.a(lib_a-fstatr.o)
 .comment       0x0000000000000120       0x34 /usr/lib/gcc/arm-none-eabi/10.3.1/../../../arm-none-eabi/lib/thumb/v7e-m+fp/softfp/libc.a(lib_a-isattyr.o)
 .comment       0x0000000000000120       0x34 /usr/lib/gcc/arm-none-eabi/10.3.1/../../../arm-none-eabi/lib/thumb/v7e-m+fp/softfp/libc.a(lib_a-lseekr.o)
 .comment       0x0000000000000120       0x34 /usr/lib/gcc/arm-none-eabi/10.3.1/../../../arm-none-eabi/lib/thumb/v7e-m+fp/softfp/libc.a(lib_a-readr.o)
 .comment       0x0000000000000120       0x34 /usr/lib/gcc/arm-none-eabi/10.3.1/thumb/v7e-m+fp/softfp/libgcc.a(_udivmoddi4.o)
 .comment       0x0000000000000120       0x34 /usr/lib/gcc/arm-none-eabi/10.3.1/../../../arm-none-eabi/lib/thumb/v7e-m+fp/softfp/libm.a(lib_a-sf_round.o)
 .comment       0x0000000000000120       0x34 /usr/lib/gcc/arm-none-eabi/10.3.1/../../../arm-none-eabi/lib/thumb/v7e-m+fp/softfp/libm.a(lib_a-w_asin.o)
 .comment       0x0000000000000120       0x34 /usr/lib/gcc/arm-none-eabi/10.3.1/../../../arm-none-eabi/lib/thumb/v7e-m+fp/softfp/libm.a(lib_a-wf_asin.o)
 .comment       0x0000000000000120       0x34 /usr/lib/gcc/arm-none-eabi/10.3.1/../../../arm-none-eabi/lib/thumb/v7e-m+fp/softfp/libm.a(lib_a-wf_pow.o)
 .comment       0x0000000000000120       0x34 /usr/lib/gcc/arm-none-eabi/10.3.1/../../../arm-none-eabi/lib/thumb/v7e-m+fp/softfp/libm.a(lib_a-e_asin.o)
 .comment       0x0000000000000120       0x34 /usr/lib/gcc/arm-none-eabi/10.3.1/../../../arm-none-eabi/lib/thumb/v7e-m+fp/softfp/libm.a(lib_a-e_sqrt.o)
 .comment       0x0000000000000120       0x34 /usr/lib/gcc/arm-none-eabi/10.3.1/../../../arm-none-eabi/lib/thumb/v7e-m+fp/softfp/libm.a(lib_a-ef_asin.o)
 .comment       0x0000000000000120       0x34 /usr/lib/gcc/arm-none-eabi/10.3.1/../../../arm-none-eabi/lib/thumb/v7e-m+fp/softfp/libm.a(lib_a-ef_pow.o)
 .comment       0x0000000000000120       0x34 /usr/lib/gcc/arm-none-eabi/10.3.1/../../../arm-none-eabi/lib/thumb/v7e-m+fp/softfp/libm.a(lib_a-ef_sqrt.o)
 .comment       0x0000000000000120       0x34 /usr/lib/gcc/arm-none-eabi/10.3.1/../../../arm-none-eabi/lib/thumb/v7e-m+fp/softfp/libm.a(lib_a-s_fabs.o)
 .comment       0x0000000000000120       0x34 /usr/lib/gcc/arm-none-eabi/10.3.1/../../../arm-none-eabi/lib/thumb/v7e-m+fp/softfp/libm.a(lib_a-s_lib_ver.o)
 .comment       0x0000000000000120       0x34 /usr/lib/gcc/arm-none-eabi/10.3.1/../../../arm-none-eabi/lib/thumb/v7e-m+fp/softfp/libm.a(lib_a-s_nan.o)
 .comment       0x0000000000000120       0x34 /usr/lib/gcc/arm-none-eabi/10.3.1/../../../arm-none-eabi/lib/thumb/v7e-m+fp/softfp/libm.a(lib_a-sf_fabs.o)
 .comment       0x0000000000000120       0x34 /usr/lib/gcc/arm-none-eabi/10.3.1/../../../arm-none-eabi/lib/thumb/v7e-m+fp/softfp/libm.a(lib_a-sf_finite.o)
 .comment       0x0000000000000120       0x34 /usr/lib/gcc/arm-none-eabi/10.3.1/../../../arm-none-eabi/lib/thumb/v7e-m+fp/softfp/libm.a(lib_a-sf_nan.o)
 .comment       0x0000000000000120       0x34 /usr/lib/gcc/arm-none-eabi/10.3.1/../../../arm-none-eabi/lib/thumb/v7e-m+fp/softfp/libm.a(lib_a-sf_rint.o)
 .comment       0x0000000000000120       0x34 /usr/lib/gcc/arm-none-eabi/10.3.1/../../../arm-none-eabi/lib/thumb/v7e-m+fp/softfp/libm.a(lib_a-sf_scalbn.o)
 .comment       0x0000000000000120       0x34 /usr/lib/gcc/arm-none-eabi/10.3.1/../../../arm-none-eabi/lib/thumb/v7e-m+fp/softfp/libc.a(lib_a-errno.o)
 .comment       0x0000000000000120       0x34 /usr/lib/gcc/arm-none-eabi/10.3.1/thumb/v7e-m+fp/softfp/crtend.o

.debug_info     0x0000000000000000    0x2ec7d
 .debug_info    0x0000000000000000     0x2311 startup/stm32f411_periph.o
 .debug_info    0x0000000000002311       0xf1 startup/sys_handlers.o
 .debug_info    0x0000000000002402      0x675 startup/rcc.o
 .debug_info    0x0000000000002a77      0x568 startup/system_stm32f4xx.o
 .debug_info    0x0000000000002fdf      0x1c3 startup/alloc.o
 .debug_info    0x00000000000031a2      0x753 lib/tick.o
 .debug_info    0x00000000000038f5      0xd59 lib/io.o
 .debug_info    0x000000000000464e      0xe70 lib/dma.o
 .debug_info    0x00000000000054be      0xe13 lib/timer.o
 .debug_info    0x00000000000062d1      0xec1 lib/uart.o
 .debug_info    0x0000000000007192      0x13c lib/util.o
 .debug_info    0x00000000000072ce      0x71a src/main_pdm.o
 .debug_info    0x00000000000079e8     0x101b cca02m2/cca02m2_audio.o
 .debug_info    0x0000000000008a03       0x22 startup/startup_stm32f411xe.o
 .debug_info    0x0000000000008a25      0x379 DSP/libarm_cortexM4l_math.a(arm_fir_decimate_q15.o)
 .debug_info    0x0000000000008d9e      0x23d DSP/libarm_cortexM4l_math.a(arm_fir_decimate_init_q15.o)
 .debug_info    0x0000000000008fdb      0x100 /usr/lib/gcc/arm-none-eabi/10.3.1/../../../arm-none-eabi/lib/thumb/v7e-m+fp/softfp/libc.a(lib_a-atexit.o)
 .debug_info    0x00000000000090db      0x102 /usr/lib/gcc/arm-none-eabi/10.3.1/../../../arm-none-eabi/lib/thumb/v7e-m+fp/softfp/libc.a(lib_a-fini.o)
 .debug_info    0x00000000000091dd      0x92a /usr/lib/gcc/arm-none-eabi/10.3.1/../../../arm-none-eabi/lib/thumb/v7e-m+fp/softfp/libc.a(lib_a-impure.o)
 .debug_info    0x0000000000009b07      0x11a /usr/lib/gcc/arm-none-eabi/10.3.1/../../../arm-none-eabi/lib/thumb/v7e-m+fp/softfp/libc.a(lib_a-init.o)
 .debug_info    0x0000000000009c21      0x137 /usr/lib/gcc/arm-none-eabi/10.3.1/../../../arm-none-eabi/lib/thumb/v7e-m+fp/softfp/libc.a(lib_a-memset.o)
 .debug_info    0x0000000000009d58      0xa8c /usr/lib/gcc/arm-none-eabi/10.3.1/../../../arm-none-eabi/lib/thumb/v7e-m+fp/softfp/libc.a(lib_a-sprintf.o)
 .debug_info    0x000000000000a7e4     0x192b /usr/lib/gcc/arm-none-eabi/10.3.1/../../../arm-none-eabi/lib/thumb/v7e-m+fp/softfp/libc.a(lib_a-svfprintf.o)
 .debug_info    0x000000000000c10f      0x9b0 /usr/lib/gcc/arm-none-eabi/10.3.1/../../../arm-none-eabi/lib/thumb/v7e-m+fp/softfp/libc.a(lib_a-__atexit.o)
 .debug_info    0x000000000000cabf      0xa3d /usr/lib/gcc/arm-none-eabi/10.3.1/../../../arm-none-eabi/lib/thumb/v7e-m+fp/softfp/libc.a(lib_a-__call_atexit.o)
 .debug_info    0x000000000000d4fc     0x1a53 /usr/lib/gcc/arm-none-eabi/10.3.1/../../../arm-none-eabi/lib/thumb/v7e-m+fp/softfp/libc.a(lib_a-dtoa.o)
 .debug_info    0x000000000000ef4f      0xc3e /usr/lib/gcc/arm-none-eabi/10.3.1/../../../arm-none-eabi/lib/thumb/v7e-m+fp/softfp/libc.a(lib_a-localeconv.o)
 .debug_info    0x000000000000fb8d      0xe95 /usr/lib/gcc/arm-none-eabi/10.3.1/../../../arm-none-eabi/lib/thumb/v7e-m+fp/softfp/libc.a(lib_a-mallocr.o)
 .debug_info    0x0000000000010a22       0x26 /usr/lib/gcc/arm-none-eabi/10.3.1/../../../arm-none-eabi/lib/thumb/v7e-m+fp/softfp/libc.a(lib_a-memchr.o)
 .debug_info    0x0000000000010a48       0x26 /usr/lib/gcc/arm-none-eabi/10.3.1/../../../arm-none-eabi/lib/thumb/v7e-m+fp/softfp/libc.a(lib_a-memcpy.o)
 .debug_info    0x0000000000010a6e      0x942 /usr/lib/gcc/arm-none-eabi/10.3.1/../../../arm-none-eabi/lib/thumb/v7e-m+fp/softfp/libc.a(lib_a-mlock.o)
 .debug_info    0x00000000000113b0     0x20ca /usr/lib/gcc/arm-none-eabi/10.3.1/../../../arm-none-eabi/lib/thumb/v7e-m+fp/softfp/libc.a(lib_a-mprec.o)
 .debug_info    0x000000000001347a      0x98e /usr/lib/gcc/arm-none-eabi/10.3.1/../../../arm-none-eabi/lib/thumb/v7e-m+fp/softfp/libc.a(lib_a-sbrkr.o)
 .debug_info    0x0000000000013e08       0x26 /usr/lib/gcc/arm-none-eabi/10.3.1/../../../arm-none-eabi/lib/thumb/v7e-m+fp/softfp/libc.a(lib_a-strlen.o)
 .debug_info    0x0000000000013e2e     0x1367 /usr/lib/gcc/arm-none-eabi/10.3.1/../../../arm-none-eabi/lib/thumb/v7e-m+fp/softfp/libc.a(lib_a-svfiprintf.o)
 .debug_info    0x0000000000015195      0xa23 /usr/lib/gcc/arm-none-eabi/10.3.1/../../../arm-none-eabi/lib/thumb/v7e-m+fp/softfp/libc.a(lib_a-assert.o)
 .debug_info    0x0000000000015bb8      0xa81 /usr/lib/gcc/arm-none-eabi/10.3.1/../../../arm-none-eabi/lib/thumb/v7e-m+fp/softfp/libc.a(lib_a-callocr.o)
 .debug_info    0x0000000000016639      0xa5f /usr/lib/gcc/arm-none-eabi/10.3.1/../../../arm-none-eabi/lib/thumb/v7e-m+fp/softfp/libc.a(lib_a-fiprintf.o)
 .debug_info    0x0000000000017098      0xd10 /usr/lib/gcc/arm-none-eabi/10.3.1/../../../arm-none-eabi/lib/thumb/v7e-m+fp/softfp/libc.a(lib_a-freer.o)
 .debug_info    0x0000000000017da8      0xe0a /usr/lib/gcc/arm-none-eabi/10.3.1/../../../arm-none-eabi/lib/thumb/v7e-m+fp/softfp/libc.a(lib_a-locale.o)
 .debug_info    0x0000000000018bb2      0xccd /usr/lib/gcc/arm-none-eabi/10.3.1/../../../arm-none-eabi/lib/thumb/v7e-m+fp/softfp/libc.a(lib_a-mbtowc_r.o)
 .debug_info    0x000000000001987f      0x152 /usr/lib/gcc/arm-none-eabi/10.3.1/../../../arm-none-eabi/lib/thumb/v7e-m+fp/softfp/libc.a(lib_a-memmove.o)
 .debug_info    0x00000000000199d1      0xdb4 /usr/lib/gcc/arm-none-eabi/10.3.1/../../../arm-none-eabi/lib/thumb/v7e-m+fp/softfp/libc.a(lib_a-reallocr.o)
 .debug_info    0x000000000001a785      0xbda /usr/lib/gcc/arm-none-eabi/10.3.1/../../../arm-none-eabi/lib/thumb/v7e-m+fp/softfp/libc.a(lib_a-reent.o)
 .debug_info    0x000000000001b35f       0x26 /usr/lib/gcc/arm-none-eabi/10.3.1/../../../arm-none-eabi/lib/thumb/v7e-m+fp/softfp/libc.a(lib_a-strcmp.o)
 .debug_info    0x000000000001b385     0x1926 /usr/lib/gcc/arm-none-eabi/10.3.1/../../../arm-none-eabi/lib/thumb/v7e-m+fp/softfp/libc.a(lib_a-vfiprintf.o)
 .debug_info    0x000000000001ccab      0xc86 /usr/lib/gcc/arm-none-eabi/10.3.1/../../../arm-none-eabi/lib/thumb/v7e-m+fp/softfp/libc.a(lib_a-wctomb_r.o)
 .debug_info    0x000000000001d931      0x9c2 /usr/lib/gcc/arm-none-eabi/10.3.1/../../../arm-none-eabi/lib/thumb/v7e-m+fp/softfp/libc.a(lib_a-wsetup.o)
 .debug_info    0x000000000001e2f3       0xcb /usr/lib/gcc/arm-none-eabi/10.3.1/../../../arm-none-eabi/lib/thumb/v7e-m+fp/softfp/libc.a(lib_a-abort.o)
 .debug_info    0x000000000001e3be       0xb8 /usr/lib/gcc/arm-none-eabi/10.3.1/../../../arm-none-eabi/lib/thumb/v7e-m+fp/softfp/libc.a(lib_a-ctype_.o)
 .debug_info    0x000000000001e476      0xbe3 /usr/lib/gcc/arm-none-eabi/10.3.1/../../../arm-none-eabi/lib/thumb/v7e-m+fp/softfp/libc.a(lib_a-fflush.o)
 .debug_info    0x000000000001f059      0xf66 /usr/lib/gcc/arm-none-eabi/10.3.1/../../../arm-none-eabi/lib/thumb/v7e-m+fp/softfp/libc.a(lib_a-findfp.o)
 .debug_info    0x000000000001ffbf      0xc12 /usr/lib/gcc/arm-none-eabi/10.3.1/../../../arm-none-eabi/lib/thumb/v7e-m+fp/softfp/libc.a(lib_a-fputwc.o)
 .debug_info    0x0000000000020bd1      0xcc4 /usr/lib/gcc/arm-none-eabi/10.3.1/../../../arm-none-eabi/lib/thumb/v7e-m+fp/softfp/libc.a(lib_a-fvwrite.o)
 .debug_info    0x0000000000021895      0xa66 /usr/lib/gcc/arm-none-eabi/10.3.1/../../../arm-none-eabi/lib/thumb/v7e-m+fp/softfp/libc.a(lib_a-fwalk.o)
 .debug_info    0x00000000000222fb      0xdf2 /usr/lib/gcc/arm-none-eabi/10.3.1/../../../arm-none-eabi/lib/thumb/v7e-m+fp/softfp/libc.a(lib_a-makebuf.o)
 .debug_info    0x00000000000230ed      0xf32 /usr/lib/gcc/arm-none-eabi/10.3.1/../../../arm-none-eabi/lib/thumb/v7e-m+fp/softfp/libc.a(lib_a-signal.o)
 .debug_info    0x000000000002401f      0x9d7 /usr/lib/gcc/arm-none-eabi/10.3.1/../../../arm-none-eabi/lib/thumb/v7e-m+fp/softfp/libc.a(lib_a-signalr.o)
 .debug_info    0x00000000000249f6      0xc22 /usr/lib/gcc/arm-none-eabi/10.3.1/../../../arm-none-eabi/lib/thumb/v7e-m+fp/softfp/libc.a(lib_a-stdio.o)
 .debug_info    0x0000000000025618      0xa5f /usr/lib/gcc/arm-none-eabi/10.3.1/../../../arm-none-eabi/lib/thumb/v7e-m+fp/softfp/libc.a(lib_a-wbuf.o)
 .debug_info    0x0000000000026077      0xd4f /usr/lib/gcc/arm-none-eabi/10.3.1/../../../arm-none-eabi/lib/thumb/v7e-m+fp/softfp/libc.a(lib_a-wcrtomb.o)
 .debug_info    0x0000000000026dc6      0x9c0 /usr/lib/gcc/arm-none-eabi/10.3.1/../../../arm-none-eabi/lib/thumb/v7e-m+fp/softfp/libc.a(lib_a-writer.o)
 .debug_info    0x0000000000027786      0x96b /usr/lib/gcc/arm-none-eabi/10.3.1/../../../arm-none-eabi/lib/thumb/v7e-m+fp/softfp/libc.a(lib_a-closer.o)
 .debug_info    0x00000000000280f1      0xb4a /usr/lib/gcc/arm-none-eabi/10.3.1/../../../arm-none-eabi/lib/thumb/v7e-m+fp/softfp/libc.a(lib_a-fclose.o)
 .debug_info    0x0000000000028c3b      0xb83 /usr/lib/gcc/arm-none-eabi/10.3.1/../../../arm-none-eabi/lib/thumb/v7e-m+fp/softfp/libc.a(lib_a-fstatr.o)
 .debug_info    0x00000000000297be      0x96b /usr/lib/gcc/arm-none-eabi/10.3.1/../../../arm-none-eabi/lib/thumb/v7e-m+fp/softfp/libc.a(lib_a-isattyr.o)
 .debug_info    0x000000000002a129      0x9a1 /usr/lib/gcc/arm-none-eabi/10.3.1/../../../arm-none-eabi/lib/thumb/v7e-m+fp/softfp/libc.a(lib_a-lseekr.o)
 .debug_info    0x000000000002aaca      0x9b9 /usr/lib/gcc/arm-none-eabi/10.3.1/../../../arm-none-eabi/lib/thumb/v7e-m+fp/softfp/libc.a(lib_a-readr.o)
 .debug_info    0x000000000002b483       0x26 /usr/lib/gcc/arm-none-eabi/10.3.1/thumb/v7e-m+fp/softfp/libgcc.a(_arm_addsubdf3.o)
 .debug_info    0x000000000002b4a9       0x26 /usr/lib/gcc/arm-none-eabi/10.3.1/thumb/v7e-m+fp/softfp/libgcc.a(_arm_muldivdf3.o)
 .debug_info    0x000000000002b4cf       0x26 /usr/lib/gcc/arm-none-eabi/10.3.1/thumb/v7e-m+fp/softfp/libgcc.a(_arm_cmpdf2.o)
 .debug_info    0x000000000002b4f5       0x26 /usr/lib/gcc/arm-none-eabi/10.3.1/thumb/v7e-m+fp/softfp/libgcc.a(_arm_unorddf2.o)
 .debug_info    0x000000000002b51b       0x26 /usr/lib/gcc/arm-none-eabi/10.3.1/thumb/v7e-m+fp/softfp/libgcc.a(_arm_fixdfsi.o)
 .debug_info    0x000000000002b541       0x26 /usr/lib/gcc/arm-none-eabi/10.3.1/thumb/v7e-m+fp/softfp/libgcc.a(_arm_truncdfsf2.o)
 .debug_info    0x000000000002b567       0x26 /usr/lib/gcc/arm-none-eabi/10.3.1/thumb/v7e-m+fp/softfp/libgcc.a(_aeabi_uldivmod.o)
 .debug_info    0x000000000002b58d      0x717 /usr/lib/gcc/arm-none-eabi/10.3.1/thumb/v7e-m+fp/softfp/libgcc.a(_udivmoddi4.o)
 .debug_info    0x000000000002bca4       0x26 /usr/lib/gcc/arm-none-eabi/10.3.1/thumb/v7e-m+fp/softfp/libgcc.a(_dvmd_tls.o)
 .debug_info    0x000000000002bcca      0x164 /usr/lib/gcc/arm-none-eabi/10.3.1/../../../arm-none-eabi/lib/thumb/v7e-m+fp/softfp/libm.a(lib_a-sf_round.o)
 .debug_info    0x000000000002be2e      0x18a /usr/lib/gcc/arm-none-eabi/10.3.1/../../../arm-none-eabi/lib/thumb/v7e-m+fp/softfp/libm.a(lib_a-w_asin.o)
 .debug_info    0x000000000002bfb8      0x16d /usr/lib/gcc/arm-none-eabi/10.3.1/../../../arm-none-eabi/lib/thumb/v7e-m+fp/softfp/libm.a(lib_a-wf_asin.o)
 .debug_info    0x000000000002c125      0x1ff /usr/lib/gcc/arm-none-eabi/10.3.1/../../../arm-none-eabi/lib/thumb/v7e-m+fp/softfp/libm.a(lib_a-wf_pow.o)
 .debug_info    0x000000000002c324      0x63f /usr/lib/gcc/arm-none-eabi/10.3.1/../../../arm-none-eabi/lib/thumb/v7e-m+fp/softfp/libm.a(lib_a-e_asin.o)
 .debug_info    0x000000000002c963      0x2c6 /usr/lib/gcc/arm-none-eabi/10.3.1/../../../arm-none-eabi/lib/thumb/v7e-m+fp/softfp/libm.a(lib_a-e_sqrt.o)
 .debug_info    0x000000000002cc29      0x367 /usr/lib/gcc/arm-none-eabi/10.3.1/../../../arm-none-eabi/lib/thumb/v7e-m+fp/softfp/libm.a(lib_a-ef_asin.o)
 .debug_info    0x000000000002cf90      0x8a5 /usr/lib/gcc/arm-none-eabi/10.3.1/../../../arm-none-eabi/lib/thumb/v7e-m+fp/softfp/libm.a(lib_a-ef_pow.o)
 .debug_info    0x000000000002d835       0xc5 /usr/lib/gcc/arm-none-eabi/10.3.1/../../../arm-none-eabi/lib/thumb/v7e-m+fp/softfp/libm.a(lib_a-ef_sqrt.o)
 .debug_info    0x000000000002d8fa      0x151 /usr/lib/gcc/arm-none-eabi/10.3.1/../../../arm-none-eabi/lib/thumb/v7e-m+fp/softfp/libm.a(lib_a-s_fabs.o)
 .debug_info    0x000000000002da4b       0xbb /usr/lib/gcc/arm-none-eabi/10.3.1/../../../arm-none-eabi/lib/thumb/v7e-m+fp/softfp/libm.a(lib_a-s_lib_ver.o)
 .debug_info    0x000000000002db06       0xd2 /usr/lib/gcc/arm-none-eabi/10.3.1/../../../arm-none-eabi/lib/thumb/v7e-m+fp/softfp/libm.a(lib_a-s_nan.o)
 .debug_info    0x000000000002dbd8      0x143 /usr/lib/gcc/arm-none-eabi/10.3.1/../../../arm-none-eabi/lib/thumb/v7e-m+fp/softfp/libm.a(lib_a-sf_fabs.o)
 .debug_info    0x000000000002dd1b      0x12c /usr/lib/gcc/arm-none-eabi/10.3.1/../../../arm-none-eabi/lib/thumb/v7e-m+fp/softfp/libm.a(lib_a-sf_finite.o)