Archive member included to satisfy reference by file (symbol)

/usr/lib/gcc/arm-none-eabi/10.3.1/../../../arm-none-eabi/lib/thumb/v7e-m+fp/softfp/libc.a(lib_a-atexit.o)
                              /usr/lib/gcc/arm-none-eabi/10.3.1/../../../arm-none-eabi/lib/thumb/v7e-m+fp/softfp/crt0.o (atexit)
/usr/lib/gcc/arm-none-eabi/10.3.1/../../../arm-none-eabi/lib/thumb/v7e-m+fp/softfp/libc.a(lib_a-exit.o)
                              /usr/lib/gcc/arm-none-eabi/10.3.1/../../../arm-none-eabi/lib/thumb/v7e-m+fp/softfp/crt0.o (exit)
/usr/lib/gcc/arm-none-eabi/10.3.1/../../../arm-none-eabi/lib/thumb/v7e-m+fp/softfp/libc.a(lib_a-fini.o)
                              /usr/lib/gcc/arm-none-eabi/10.3.1/../../../arm-none-eabi/lib/thumb/v7e-m+fp/softfp/crt0.o (__libc_fini_array)
/usr/lib/gcc/arm-none-eabi/10.3.1/../../../arm-none-eabi/lib/thumb/v7e-m+fp/softfp/libc.a(lib_a-impure.o)
                              /usr/lib/gcc/arm-none-eabi/10.3.1/../../../arm-none-eabi/lib/thumb/v7e-m+fp/softfp/libc.a(lib_a-exit.o) (_global_impure_ptr)
/usr/lib/gcc/arm-none-eabi/10.3.1/../../../arm-none-eabi/lib/thumb/v7e-m+fp/softfp/libc.a(lib_a-init.o)
                              /usr/lib/gcc/arm-none-eabi/10.3.1/../../../arm-none-eabi/lib/thumb/v7e-m+fp/softfp/crt0.o (__libc_init_array)
/usr/lib/gcc/arm-none-eabi/10.3.1/../../../arm-none-eabi/lib/thumb/v7e-m+fp/softfp/libc.a(lib_a-memset.o)
                              /usr/lib/gcc/arm-none-eabi/10.3.1/../../../arm-none-eabi/lib/thumb/v7e-m+fp/softfp/crt0.o (memset)
/usr/lib/gcc/arm-none-eabi/10.3.1/../../../arm-none-eabi/lib/thumb/v7e-m+fp/softfp/libc.a(lib_a-strlen.o)
                              src/main_dma.o (strlen)
/usr/lib/gcc/arm-none-eabi/10.3.1/../../../arm-none-eabi/lib/thumb/v7e-m+fp/softfp/libc.a(lib_a-__atexit.o)
                              /usr/lib/gcc/arm-none-eabi/10.3.1/../../../arm-none-eabi/lib/thumb/v7e-m+fp/softfp/libc.a(lib_a-atexit.o) (__register_exitproc)
/usr/lib/gcc/arm-none-eabi/10.3.1/../../../arm-none-eabi/lib/thumb/v7e-m+fp/softfp/libc.a(lib_a-__call_atexit.o)
                              /usr/lib/gcc/arm-none-eabi/10.3.1/../../../arm-none-eabi/lib/thumb/v7e-m+fp/softfp/libc.a(lib_a-exit.o) (__call_exitprocs)

Discarded input sections

 .text          0x0000000000000000        0x0 /usr/lib/gcc/arm-none-eabi/10.3.1/thumb/v7e-m+fp/softfp/crti.o
 .data          0x0000000000000000        0x0 /usr/lib/gcc/arm-none-eabi/10.3.1/thumb/v7e-m+fp/softfp/crti.o
 .bss           0x0000000000000000        0x0 /usr/lib/gcc/arm-none-eabi/10.3.1/thumb/v7e-m+fp/softfp/crti.o
 .data          0x0000000000000000        0x4 /usr/lib/gcc/arm-none-eabi/10.3.1/thumb/v7e-m+fp/softfp/crtbegin.o
 .text          0x0000000000000000       0x70 /usr/lib/gcc/arm-none-eabi/10.3.1/../../../arm-none-eabi/lib/thumb/v7e-m+fp/softfp/crt0.o
 .data          0x0000000000000000        0x0 /usr/lib/gcc/arm-none-eabi/10.3.1/../../../arm-none-eabi/lib/thumb/v7e-m+fp/softfp/crt0.o
 .bss           0x0000000000000000        0x0 /usr/lib/gcc/arm-none-eabi/10.3.1/../../../arm-none-eabi/lib/thumb/v7e-m+fp/softfp/crt0.o
 .ARM.extab     0x0000000000000000        0x0 /usr/lib/gcc/arm-none-eabi/10.3.1/../../../arm-none-eabi/lib/thumb/v7e-m+fp/softfp/crt0.o
 .ARM.exidx     0x0000000000000000       0x10 /usr/lib/gcc/arm-none-eabi/10.3.1/../../../arm-none-eabi/lib/thumb/v7e-m+fp/softfp/crt0.o
 .debug_line    0x0000000000000000       0x87 /usr/lib/gcc/arm-none-eabi/10.3.1/../../../arm-none-eabi/lib/thumb/v7e-m+fp/softfp/crt0.o
 .debug_info    0x0000000000000000       0x26 /usr/lib/gcc/arm-none-eabi/10.3.1/../../../arm-none-eabi/lib/thumb/v7e-m+fp/softfp/crt0.o
 .debug_abbrev  0x0000000000000000       0x14 /usr/lib/gcc/arm-none-eabi/10.3.1/../../../arm-none-eabi/lib/thumb/v7e-m+fp/softfp/crt0.o
 .debug_aranges
                0x0000000000000000       0x20 /usr/lib/gcc/arm-none-eabi/10.3.1/../../../arm-none-eabi/lib/thumb/v7e-m+fp/softfp/crt0.o
 .debug_str     0x0000000000000000       0x9a /usr/lib/gcc/arm-none-eabi/10.3.1/../../../arm-none-eabi/lib/thumb/v7e-m+fp/softfp/crt0.o
 .ARM.attributes
                0x0000000000000000       0x1c /usr/lib/gcc/arm-none-eabi/10.3.1/../../../arm-none-eabi/lib/thumb/v7e-m+fp/softfp/crt0.o
 .text          0x0000000000000000        0x0 startup/stm32f411_periph.o
 .data          0x0000000000000000        0x0 startup/stm32f411_periph.o
 .bss           0x0000000000000000        0x0 startup/stm32f411_periph.o
 .data          0x0000000000000000        0x0 startup/sys_handlers.o
 .bss           0x0000000000000000        0x0 startup/sys_handlers.o
 .bss           0x0000000000000000        0x0 startup/system_stm32f4xx.o
 .data          0x0000000000000000        0x0 startup/alloc.o
 .bss           0x0000000000000000        0x0 startup/alloc.o
 .data          0x0000000000000000        0x0 lib/tick.o
 .data          0x0000000000000000        0x0 lib/io.o
 .data          0x0000000000000000        0x0 lib/dma.o
 .data          0x0000000000000000        0x0 lib/timer.o
 .text          0x0000000000000000      0x140 lib/util.o
 .data          0x0000000000000000       0x11 lib/util.o
 .bss           0x0000000000000000        0x0 lib/util.o
 .debug_info    0x0000000000000000      0x13c lib/util.o
 .debug_abbrev  0x0000000000000000       0xc3 lib/util.o
 .debug_aranges
                0x0000000000000000       0x20 lib/util.o
 .debug_line    0x0000000000000000      0x14b lib/util.o
 .debug_str     0x0000000000000000       0xfc lib/util.o
 .comment       0x0000000000000000       0x34 lib/util.o
 .debug_frame   0x0000000000000000       0x40 lib/util.o
 .ARM.attributes
                0x0000000000000000       0x32 lib/util.o
 .text          0x0000000000000000        0x0 startup/startup_stm32f411xe.o
 .data          0x0000000000000000        0x0 startup/startup_stm32f411xe.o
 .bss           0x0000000000000000        0x0 startup/startup_stm32f411xe.o
 .data          0x0000000000000000        0x0 /usr/lib/gcc/arm-none-eabi/10.3.1/../../../arm-none-eabi/lib/thumb/v7e-m+fp/softfp/libc.a(lib_a-atexit.o)
 .bss           0x0000000000000000        0x0 /usr/lib/gcc/arm-none-eabi/10.3.1/../../../arm-none-eabi/lib/thumb/v7e-m+fp/softfp/libc.a(lib_a-atexit.o)
 .text          0x0000000000000000       0x20 /usr/lib/gcc/arm-none-eabi/10.3.1/../../../arm-none-eabi/lib/thumb/v7e-m+fp/softfp/libc.a(lib_a-exit.o)
 .data          0x0000000000000000        0x0 /usr/lib/gcc/arm-none-eabi/10.3.1/../../../arm-none-eabi/lib/thumb/v7e-m+fp/softfp/libc.a(lib_a-exit.o)
 .bss           0x0000000000000000        0x0 /usr/lib/gcc/arm-none-eabi/10.3.1/../../../arm-none-eabi/lib/thumb/v7e-m+fp/softfp/libc.a(lib_a-exit.o)
 .debug_info    0x0000000000000000      0x969 /usr/lib/gcc/arm-none-eabi/10.3.1/../../../arm-none-eabi/lib/thumb/v7e-m+fp/softfp/libc.a(lib_a-exit.o)
 .debug_abbrev  0x0000000000000000      0x20c /usr/lib/gcc/arm-none-eabi/10.3.1/../../../arm-none-eabi/lib/thumb/v7e-m+fp/softfp/libc.a(lib_a-exit.o)
 .debug_loc     0x0000000000000000       0x22 /usr/lib/gcc/arm-none-eabi/10.3.1/../../../arm-none-eabi/lib/thumb/v7e-m+fp/softfp/libc.a(lib_a-exit.o)
 .debug_aranges
                0x0000000000000000       0x20 /usr/lib/gcc/arm-none-eabi/10.3.1/../../../arm-none-eabi/lib/thumb/v7e-m+fp/softfp/libc.a(lib_a-exit.o)
 .debug_line    0x0000000000000000      0x179 /usr/lib/gcc/arm-none-eabi/10.3.1/../../../arm-none-eabi/lib/thumb/v7e-m+fp/softfp/libc.a(lib_a-exit.o)
 .debug_str     0x0000000000000000      0x591 /usr/lib/gcc/arm-none-eabi/10.3.1/../../../arm-none-eabi/lib/thumb/v7e-m+fp/softfp/libc.a(lib_a-exit.o)
 .comment       0x0000000000000000       0x34 /usr/lib/gcc/arm-none-eabi/10.3.1/../../../arm-none-eabi/lib/thumb/v7e-m+fp/softfp/libc.a(lib_a-exit.o)
 .debug_frame   0x0000000000000000       0x28 /usr/lib/gcc/arm-none-eabi/10.3.1/../../../arm-none-eabi/lib/thumb/v7e-m+fp/softfp/libc.a(lib_a-exit.o)
 .ARM.attributes
                0x0000000000000000       0x32 /usr/lib/gcc/arm-none-eabi/10.3.1/../../../arm-none-eabi/lib/thumb/v7e-m+fp/softfp/libc.a(lib_a-exit.o)
 .data          0x0000000000000000        0x0 /usr/lib/gcc/arm-none-eabi/10.3.1/../../../arm-none-eabi/lib/thumb/v7e-m+fp/softfp/libc.a(lib_a-fini.o)
 .bss           0x0000000000000000        0x0 /usr/lib/gcc/arm-none-eabi/10.3.1/../../../arm-none-eabi/lib/thumb/v7e-m+fp/softfp/libc.a(lib_a-fini.o)
 .text          0x0000000000000000        0x0 /usr/lib/gcc/arm-none-eabi/10.3.1/../../../arm-none-eabi/lib/thumb/v7e-m+fp/softfp/libc.a(lib_a-impure.o)
 .bss           0x0000000000000000        0x0 /usr/lib/gcc/arm-none-eabi/10.3.1/../../../arm-none-eabi/lib/thumb/v7e-m+fp/softfp/libc.a(lib_a-impure.o)
 .data          0x0000000000000000        0x0 /usr/lib/gcc/arm-none-eabi/10.3.1/../../../arm-none-eabi/lib/thumb/v7e-m+fp/softfp/libc.a(lib_a-init.o)
 .bss           0x0000000000000000        0x0 /usr/lib/gcc/arm-none-eabi/10.3.1/../../../arm-none-eabi/lib/thumb/v7e-m+fp/softfp/libc.a(lib_a-init.o)
 .text          0x0000000000000000       0xa4 /usr/lib/gcc/arm-none-eabi/10.3.1/../../../arm-none-eabi/lib/thumb/v7e-m+fp/softfp/libc.a(lib_a-memset.o)
 .data          0x0000000000000000        0x0 /usr/lib/gcc/arm-none-eabi/10.3.1/../../../arm-none-eabi/lib/thumb/v7e-m+fp/softfp/libc.a(lib_a-memset.o)
 .bss           0x0000000000000000        0x0 /usr/lib/gcc/arm-none-eabi/10.3.1/../../../arm-none-eabi/lib/thumb/v7e-m+fp/softfp/libc.a(lib_a-memset.o)
 .debug_info    0x0000000000000000      0x137 /usr/lib/gcc/arm-none-eabi/10.3.1/../../../arm-none-eabi/lib/thumb/v7e-m+fp/softfp/libc.a(lib_a-memset.o)
 .debug_abbrev  0x0000000000000000       0xb4 /usr/lib/gcc/arm-none-eabi/10.3.1/../../../arm-none-eabi/lib/thumb/v7e-m+fp/softfp/libc.a(lib_a-memset.o)
 .debug_loc     0x0000000000000000      0x22c /usr/lib/gcc/arm-none-eabi/10.3.1/../../../arm-none-eabi/lib/thumb/v7e-m+fp/softfp/libc.a(lib_a-memset.o)
 .debug_aranges
                0x0000000000000000       0x20 /usr/lib/gcc/arm-none-eabi/10.3.1/../../../arm-none-eabi/lib/thumb/v7e-m+fp/softfp/libc.a(lib_a-memset.o)
 .debug_line    0x0000000000000000      0x1bf /usr/lib/gcc/arm-none-eabi/10.3.1/../../../arm-none-eabi/lib/thumb/v7e-m+fp/softfp/libc.a(lib_a-memset.o)
 .debug_str     0x0000000000000000      0x1c1 /usr/lib/gcc/arm-none-eabi/10.3.1/../../../arm-none-eabi/lib/thumb/v7e-m+fp/softfp/libc.a(lib_a-memset.o)
 .comment       0x0000000000000000       0x34 /usr/lib/gcc/arm-none-eabi/10.3.1/../../../arm-none-eabi/lib/thumb/v7e-m+fp/softfp/libc.a(lib_a-memset.o)
 .debug_frame   0x0000000000000000       0x2c /usr/lib/gcc/arm-none-eabi/10.3.1/../../../arm-none-eabi/lib/thumb/v7e-m+fp/softfp/libc.a(lib_a-memset.o)
 .ARM.attributes
                0x0000000000000000       0x32 /usr/lib/gcc/arm-none-eabi/10.3.1/../../../arm-none-eabi/lib/thumb/v7e-m+fp/softfp/libc.a(lib_a-memset.o)
 .data          0x0000000000000000        0x0 /usr/lib/gcc/arm-none-eabi/10.3.1/../../../arm-none-eabi/lib/thumb/v7e-m+fp/softfp/libc.a(lib_a-strlen.o)
 .bss           0x0000000000000000        0x0 /usr/lib/gcc/arm-none-eabi/10.3.1/../../../arm-none-eabi/lib/thumb/v7e-m+fp/softfp/libc.a(lib_a-strlen.o)
 .data          0x0000000000000000        0x0 /usr/lib/gcc/arm-none-eabi/10.3.1/../../../arm-none-eabi/lib/thumb/v7e-m+fp/softfp/libc.a(lib_a-__atexit.o)
 .bss           0x0000000000000000        0x0 /usr/lib/gcc/arm-none-eabi/10.3.1/../../../arm-none-eabi/lib/thumb/v7e-m+fp/softfp/libc.a(lib_a-__atexit.o)
 .text          0x0000000000000000       0xb8 /usr/lib/gcc/arm-none-eabi/10.3.1/../../../arm-none-eabi/lib/thumb/v7e-m+fp/softfp/libc.a(lib_a-__call_atexit.o)
 .data          0x0000000000000000        0x0 /usr/lib/gcc/arm-none-eabi/10.3.1/../../../arm-none-eabi/lib/thumb/v7e-m+fp/softfp/libc.a(lib_a-__call_atexit.o)
 .bss           0x0000000000000000        0x0 /usr/lib/gcc/arm-none-eabi/10.3.1/../../../arm-none-eabi/lib/thumb/v7e-m+fp/softfp/libc.a(lib_a-__call_atexit.o)
 .text          0x0000000000000000        0x0 /usr/lib/gcc/arm-none-eabi/10.3.1/thumb/v7e-m+fp/softfp/crtend.o
 .data          0x0000000000000000        0x0 /usr/lib/gcc/arm-none-eabi/10.3.1/thumb/v7e-m+fp/softfp/crtend.o
 .bss           0x0000000000000000        0x0 /usr/lib/gcc/arm-none-eabi/10.3.1/thumb/v7e-m+fp/softfp/crtend.o
 .eh_frame      0x0000000000000000        0x4 /usr/lib/gcc/arm-none-eabi/10.3.1/thumb/v7e-m+fp/softfp/crtend.o
 .text          0x0000000000000000        0x0 /usr/lib/gcc/arm-none-eabi/10.3.1/thumb/v7e-m+fp/softfp/crtn.o
 .data          0x0000000000000000        0x0 /usr/lib/gcc/arm-none-eabi/10.3.1/thumb/v7e-m+fp/softfp/crtn.o
 .bss           0x0000000000000000        0x0 /usr/lib/gcc/arm-none-eabi/10.3.1/thumb/v7e-m+fp/softfp/crtn.o

Memory Configuration

Name             Origin             Length             Attributes
FLASH            0x0000000008000000 0x0000000000080000 xr
RAM              0x0000000020000000 0x0000000000020000 xrw
*default*        0x0000000000000000 0xffffffffffffffff

Linker script and memory map

LOAD /usr/lib/gcc/arm-none-eabi/10.3.1/thumb/v7e-m+fp/softfp/crti.o
LOAD /usr/lib/gcc/arm-none-eabi/10.3.1/thumb/v7e-m+fp/softfp/crtbegin.o
LOAD /usr/lib/gcc/arm-none-eabi/10.3.1/../../../arm-none-eabi/lib/thumb/v7e-m+fp/softfp/crt0.o
LOAD startup/stm32f411_periph.o
LOAD startup/sys_handlers.o
LOAD startup/rcc.o
LOAD startup/system_stm32f4xx.o
LOAD startup/alloc.o
LOAD lib/tick.o
LOAD lib/io.o
LOAD lib/dma.o
LOAD lib/timer.o
LOAD lib/util.o
LOAD src/main_dma.o
LOAD startup/startup_stm32f411xe.o
LOAD /usr/lib/gcc/arm-none-eabi/10.3.1/../../../arm-none-eabi/lib/thumb/v7e-m+fp/softfp/libc.a
LOAD /usr/lib/gcc/arm-none-eabi/10.3.1/thumb/v7e-m+fp/softfp/libgcc.a
LOAD /usr/lib/gcc/arm-none-eabi/10.3.1/thumb/v7e-m+fp/softfp/libgcov.a
LOAD /usr/lib/gcc/arm-none-eabi/10.3.1/../../../arm-none-eabi/lib/thumb/v7e-m+fp/softfp/libm.a
START GROUP
LOAD /usr/lib/gcc/arm-none-eabi/10.3.1/thumb/v7e-m+fp/softfp/libgcc.a
LOAD /usr/lib/gcc/arm-none-eabi/10.3.1/../../../arm-none-eabi/lib/thumb/v7e-m+fp/softfp/libc.a
END GROUP
LOAD /usr/lib/gcc/arm-none-eabi/10.3.1/thumb/v7e-m+fp/softfp/crtend.o
LOAD /usr/lib/gcc/arm-none-eabi/10.3.1/thumb/v7e-m+fp/softfp/crtn.o
                0x0000000020020000                _estack = 0x20020000
                0x0000000000000200                _Min_Heap_Size = 0x200
                0x0000000000000400                _Min_Stack_Size = 0x400

.isr_vector     0x0000000008000000      0x198
                0x0000000008000000                . = ALIGN (0x4)
 *(.isr_vector)
 .isr_vector    0x0000000008000000      0x198 startup/startup_stm32f411xe.o
                0x0000000008000000                g_pfnVectors
                0x0000000008000198                . = ALIGN (0x4)

.text           0x00000000080001c0     0x337c
                0x00000000080001c0                . = ALIGN (0x4)
 *(.text)
 .text          0x00000000080001c0       0x88 /usr/lib/gcc/arm-none-eabi/10.3.1/thumb/v7e-m+fp/softfp/crtbegin.o
 .text          0x0000000008000248       0x14 startup/sys_handlers.o
                0x0000000008000248                NMI_Handler
                0x000000000800024c                HardFault_Handler
                0x000000000800024e                MemManage_Handler
                0x0000000008000250                BusFault_Handler
                0x0000000008000252                UsageFault_Handler
                0x0000000008000254                DebugMon_Handler
                0x0000000008000258                PendSV_Handler
 .text          0x000000000800025c      0x484 startup/rcc.o
                0x000000000800046c                rcc_sys_clk_cfg
                0x0000000008000660                rcc_i2s_clk_cfg
 .text          0x00000000080006e0      0x168 startup/system_stm32f4xx.o
                0x00000000080006e0                SystemInit
                0x0000000008000750                SystemCoreClockUpdate
 .text          0x0000000008000848      0x188 startup/alloc.o
                0x0000000008000848                minit
                0x000000000800086c                malloc
                0x0000000008000918                free
 .text          0x00000000080009d0      0x214 lib/tick.o
                0x0000000008000a20                SysTick_Handler
                0x0000000008000a50                tick_init
                0x0000000008000af8                tick_start
                0x0000000008000b18                tick_stop
                0x0000000008000b30                ticks
                0x0000000008000b3c                tick_delay
 .text          0x0000000008000be4      0x8fc lib/io.o
                0x0000000008000c68                EXTI0_IRQHandler
                0x0000000008000c8c                EXTI1_IRQHandler
                0x0000000008000cb0                EXTI2_IRQHandler
                0x0000000008000cd4                EXTI3_IRQHandler
                0x0000000008000cf8                EXTI4_IRQHandler
                0x0000000008000d1c                EXTI9_5_IRQHandler
                0x0000000008000dec                EXTI15_10_IRQHandler
                0x0000000008000ee8                io_configure
                0x0000000008001424                io_read
                0x000000000800143e                io_write
                0x0000000008001478                io_write_n
                0x00000000080014ae                io_set
                0x00000000080014c6                io_clear
 .text          0x00000000080014e0     0x1170 lib/dma.o
                0x0000000008001564                DMA1_Stream0_IRQHandler
                0x0000000008001624                DMA1_Stream1_IRQHandler
                0x00000000080016ec                DMA1_Stream2_IRQHandler
                0x00000000080017b4                DMA1_Stream3_IRQHandler
                0x000000000800187c                DMA1_Stream4_IRQHandler
                0x000000000800193c                DMA1_Stream5_IRQHandler
                0x0000000008001a04                DMA1_Stream6_IRQHandler
                0x0000000008001acc                DMA1_Stream7_IRQHandler
                0x0000000008001b94                DMA2_Stream0_IRQHandler
                0x0000000008001c54                DMA2_Stream1_IRQHandler
                0x0000000008001d1c                DMA2_Stream2_IRQHandler
                0x0000000008001de4                DMA2_Stream3_IRQHandler
                0x0000000008001eac                DMA2_Stream4_IRQHandler
                0x0000000008001f6c                DMA2_Stream5_IRQHandler
                0x0000000008002034                DMA2_Stream6_IRQHandler
                0x00000000080020fc                DMA2_Stream7_IRQHandler
                0x00000000080021c4                dma_stream_init
                0x0000000008002564                dma_start
                0x00000000080025ba                dma_stop
                0x00000000080025de                dma_complete
                0x00000000080025fa                dma_status
 .text          0x0000000008002650      0x9a0 lib/timer.o
                0x00000000080026d4                TIM2_IRQHandler
                0x0000000008002700                TIM3_IRQHandler
                0x000000000800272c                TIM4_IRQHandler
                0x0000000008002758                TIM5_IRQHandler
                0x0000000008002784                timer_wait_ms
                0x000000000800291c                timer_wait_us
                0x0000000008002aac                timer_tick_init
                0x0000000008002c28                timer_tick_period
                0x0000000008002c4c                timer_count_init
                0x0000000008002d20                timer_start
                0x0000000008002d3c                timer_stop
                0x0000000008002d52                timer_read
                0x0000000008002d60                pwm_init
                0x0000000008002ec4                pwm_channel_enable
                0x0000000008002f88                pwm_channel_disable
                0x0000000008002fac                pwm_channel_set
 .text          0x0000000008002ff0      0x2bc src/main_dma.o
                0x0000000008002ff0                uart_init
                0x00000000080030dc                uart_puts
                0x0000000008003190                uart_gets
                0x0000000008003240                main
 .text          0x00000000080032ac        0xc /usr/lib/gcc/arm-none-eabi/10.3.1/../../../arm-none-eabi/lib/thumb/v7e-m+fp/softfp/libc.a(lib_a-atexit.o)
                0x00000000080032ac                atexit
 .text          0x00000000080032b8       0x2c /usr/lib/gcc/arm-none-eabi/10.3.1/../../../arm-none-eabi/lib/thumb/v7e-m+fp/softfp/libc.a(lib_a-fini.o)
                0x00000000080032b8                __libc_fini_array
 .text          0x00000000080032e4       0x48 /usr/lib/gcc/arm-none-eabi/10.3.1/../../../arm-none-eabi/lib/thumb/v7e-m+fp/softfp/libc.a(lib_a-init.o)
                0x00000000080032e4                __libc_init_array
 *fill*         0x000000000800332c       0x14 
 .text          0x0000000008003340       0xdc /usr/lib/gcc/arm-none-eabi/10.3.1/../../../arm-none-eabi/lib/thumb/v7e-m+fp/softfp/libc.a(lib_a-strlen.o)
                0x0000000008003340                strlen
 .text          0x000000000800341c       0x68 /usr/lib/gcc/arm-none-eabi/10.3.1/../../../arm-none-eabi/lib/thumb/v7e-m+fp/softfp/libc.a(lib_a-__atexit.o)
                0x000000000800341c                __register_exitproc
 *(.text*)
 .text.Reset_Handler
                0x0000000008003484       0x68 startup/startup_stm32f411xe.o
                0x0000000008003484                Reset_Handler
                0x00000000080034d0                _exit
 .text.SVC_Handler
                0x00000000080034ec       0x20 startup/startup_stm32f411xe.o
                0x00000000080034ec                SVC_Handler
 .text.Default_Handler
                0x000000000800350c        0x2 startup/startup_stm32f411xe.o
                0x000000000800350c                RTC_Alarm_IRQHandler
                0x000000000800350c                SPI4_IRQHandler
                0x000000000800350c                TIM1_CC_IRQHandler
                0x000000000800350c                svc_dispatch
                0x000000000800350c                PVD_IRQHandler
                0x000000000800350c                SDIO_IRQHandler
                0x000000000800350c                TAMP_STAMP_IRQHandler
                0x000000000800350c                TIM1_UP_TIM10_IRQHandler
                0x000000000800350c                I2C3_ER_IRQHandler
                0x000000000800350c                I2C2_EV_IRQHandler
                0x000000000800350c                FPU_IRQHandler
                0x000000000800350c                SPI1_IRQHandler
                0x000000000800350c                TIM1_BRK_TIM9_IRQHandler
                0x000000000800350c                USART6_IRQHandler
                0x000000000800350c                I2C1_EV_IRQHandler
                0x000000000800350c                RCC_IRQHandler
                0x000000000800350c                Default_Handler
                0x000000000800350c                ADC_IRQHandler
                0x000000000800350c                SPI5_IRQHandler
                0x000000000800350c                I2C3_EV_IRQHandler
                0x000000000800350c                RTC_WKUP_IRQHandler
                0x000000000800350c                SPI2_IRQHandler
                0x000000000800350c                WWDG_IRQHandler
                0x000000000800350c                OTG_FS_WKUP_IRQHandler
                0x000000000800350c                TIM1_TRG_COM_TIM11_IRQHandler
                0x000000000800350c                USART2_IRQHandler
                0x000000000800350c                I2C2_ER_IRQHandler
                0x000000000800350c                FLASH_IRQHandler
                0x000000000800350c                USART1_IRQHandler
                0x000000000800350c                OTG_FS_IRQHandler
                0x000000000800350c                SPI3_IRQHandler
                0x000000000800350c                I2C1_ER_IRQHandler
 *fill*         0x000000000800350e        0x2 
 .text.startup  0x0000000008003510       0x14 /usr/lib/gcc/arm-none-eabi/10.3.1/../../../arm-none-eabi/lib/thumb/v7e-m+fp/softfp/libc.a(lib_a-__call_atexit.o)
 *(.glue_7)
 .glue_7        0x0000000008003524        0x0 linker stubs
 *(.glue_7t)
 .glue_7t       0x0000000008003524        0x0 linker stubs
 *(.eh_frame)
 .eh_frame      0x0000000008003524        0x0 /usr/lib/gcc/arm-none-eabi/10.3.1/thumb/v7e-m+fp/softfp/crtbegin.o
 *(.init)
 .init          0x0000000008003524        0x4 /usr/lib/gcc/arm-none-eabi/10.3.1/thumb/v7e-m+fp/softfp/crti.o
                0x0000000008003524                _init
 .init          0x0000000008003528        0x8 /usr/lib/gcc/arm-none-eabi/10.3.1/thumb/v7e-m+fp/softfp/crtn.o
 *(.fini)
 .fini          0x0000000008003530        0x4 /usr/lib/gcc/arm-none-eabi/10.3.1/thumb/v7e-m+fp/softfp/crti.o
                0x0000000008003530                _fini
 .fini          0x0000000008003534        0x8 /usr/lib/gcc/arm-none-eabi/10.3.1/thumb/v7e-m+fp/softfp/crtn.o
                0x000000000800353c                . = ALIGN (0x4)
                0x000000000800353c                _etext = .

.vfp11_veneer   0x000000000800353c        0x0
 .vfp11_veneer  0x000000000800353c        0x0 linker stubs

.v4_bx          0x000000000800353c        0x0
 .v4_bx         0x000000000800353c        0x0 linker stubs

.iplt           0x000000000800353c        0x0
 .iplt          0x000000000800353c        0x0 /usr/lib/gcc/arm-none-eabi/10.3.1/thumb/v7e-m+fp/softfp/crtbegin.o

.rodata         0x000000000800353c      0x18c
                0x000000000800353c                . = ALIGN (0x4)
 *(.rodata)
 .rodata        0x000000000800353c       0x24 /usr/lib/gcc/arm-none-eabi/10.3.1/thumb/v7e-m+fp/softfp/crtbegin.o
 .rodata        0x0000000008003560      0x114 startup/stm32f411_periph.o
                0x0000000008003560                _SCnSCB
                0x0000000008003564                _SCB
                0x0000000008003568                _SysTick
                0x000000000800356c                _NVIC
                0x0000000008003570                _ITM
                0x0000000008003574                _DWT
                0x0000000008003578                _TPI
                0x000000000800357c                _CoreDebug
                0x0000000008003580                _MPU
                0x0000000008003584                _FPU
                0x0000000008003588                _TIM2
                0x000000000800358c                _TIM3
                0x0000000008003590                _TIM4
                0x0000000008003594                _TIM5
                0x0000000008003598                _RTC
                0x000000000800359c                _WWDG
                0x00000000080035a0                _IWDG
                0x00000000080035a4                _I2S2ext
                0x00000000080035a8                _SPI2
                0x00000000080035ac                _SPI3
                0x00000000080035b0                _I2S3ext
                0x00000000080035b4                _USART2
                0x00000000080035b8                _I2C1
                0x00000000080035bc                _I2C2
                0x00000000080035c0                _I2C3
                0x00000000080035c4                _PWR
                0x00000000080035c8                _TIM1
                0x00000000080035cc                _USART1
                0x00000000080035d0                _USART6
                0x00000000080035d4                _ADC1
                0x00000000080035d8                _ADC
                0x00000000080035dc                _SDIO
                0x00000000080035e0                _SPI1
                0x00000000080035e4                _SPI4
                0x00000000080035e8                _SYSCFG
                0x00000000080035ec                _EXTI
                0x00000000080035f0                _TIM9
                0x00000000080035f4                _TIM10
                0x00000000080035f8                _TIM11
                0x00000000080035fc                _SPI5
                0x0000000008003600                _GPIOA
                0x0000000008003604                _GPIOB
                0x0000000008003608                _GPIOC
                0x000000000800360c                _GPIOD
                0x0000000008003610                _GPIOE
                0x0000000008003614                _GPIOH
                0x0000000008003618                _CRC
                0x000000000800361c                _RCC
                0x0000000008003620                _FLASH
                0x0000000008003624                _DMA1
                0x0000000008003628                _DMA1_Stream0
                0x000000000800362c                _DMA1_Stream1
                0x0000000008003630                _DMA1_Stream2
                0x0000000008003634                _DMA1_Stream3
                0x0000000008003638                _DMA1_Stream4
                0x000000000800363c                _DMA1_Stream5
                0x0000000008003640                _DMA1_Stream6
                0x0000000008003644                _DMA1_Stream7
                0x0000000008003648                _DMA2
                0x000000000800364c                _DMA2_Stream0
                0x0000000008003650                _DMA2_Stream1
                0x0000000008003654                _DMA2_Stream2
                0x0000000008003658                _DMA2_Stream3
                0x000000000800365c                _DMA2_Stream4
                0x0000000008003660                _DMA2_Stream5
                0x0000000008003664                _DMA2_Stream6
                0x0000000008003668                _DMA2_Stream7
                0x000000000800366c                _DBGMCU
                0x0000000008003670                _USB_OTG_FS
 .rodata        0x0000000008003674       0x18 startup/system_stm32f4xx.o
                0x0000000008003674                AHBPrescTable
                0x0000000008003684                APBPrescTable
 .rodata        0x000000000800368c       0x13 src/main_dma.o
 *fill*         0x000000000800369f        0x1 
 .rodata        0x00000000080036a0        0x4 /usr/lib/gcc/arm-none-eabi/10.3.1/../../../arm-none-eabi/lib/thumb/v7e-m+fp/softfp/libc.a(lib_a-impure.o)
                0x00000000080036a0                _global_impure_ptr
 .rodata        0x00000000080036a4       0x24 /usr/lib/gcc/arm-none-eabi/10.3.1/thumb/v7e-m+fp/softfp/crtend.o
 *(.rodata*)
                0x00000000080036c8                . = ALIGN (0x4)

.rel.dyn        0x00000000080036c8        0x0
 .rel.iplt      0x00000000080036c8        0x0 /usr/lib/gcc/arm-none-eabi/10.3.1/thumb/v7e-m+fp/softfp/crtbegin.o

.ARM.extab
 *(.ARM.extab* .gnu.linkonce.armextab.*)

.ARM            0x00000000080036c8        0x0
                0x00000000080036c8                __exidx_start = .
 *(.ARM.exidx*)
                0x00000000080036c8                __exidx_end = .

.preinit_array  0x00000000080036c8        0x0
                0x00000000080036c8                PROVIDE (__preinit_array_start = .)
 *(.preinit_array*)
                0x00000000080036c8                PROVIDE (__preinit_array_end = .)

.init_array     0x00000000080036c8        0x8
                0x00000000080036c8                PROVIDE (__init_array_start = .)
 *(SORT_BY_NAME(.init_array.*))
 .init_array.00000
                0x00000000080036c8        0x4 /usr/lib/gcc/arm-none-eabi/10.3.1/../../../arm-none-eabi/lib/thumb/v7e-m+fp/softfp/libc.a(lib_a-__call_atexit.o)
 *(.init_array*)
 .init_array    0x00000000080036cc        0x4 /usr/lib/gcc/arm-none-eabi/10.3.1/thumb/v7e-m+fp/softfp/crtbegin.o
                0x00000000080036d0                PROVIDE (__init_array_end = .)

.fini_array     0x00000000080036d0        0x4
                0x00000000080036d0                PROVIDE (__fini_array_start = .)
 *(SORT_BY_NAME(.fini_array.*))
 *(.fini_array*)
 .fini_array    0x00000000080036d0        0x4 /usr/lib/gcc/arm-none-eabi/10.3.1/thumb/v7e-m+fp/softfp/crtbegin.o
                0x00000000080036d4                PROVIDE (__fini_array_end = .)
                0x00000000080036d4                _sidata = LOADADDR (.data)

.data           0x0000000020000000      0x520 load address 0x00000000080036d4
                0x0000000020000000                . = ALIGN (0x4)
                0x0000000020000000                _sdata = .
 *(.data)
 .data          0x0000000020000000       0xa8 startup/rcc.o
 .data          0x00000000200000a8        0x4 startup/system_stm32f4xx.o
                0x00000000200000a8                SystemCoreClock
 .data          0x00000000200000ac       0x40 src/main_dma.o
                0x00000000200000ac                buf_tx
 *fill*         0x00000000200000ec        0x4 
 .data          0x00000000200000f0      0x430 /usr/lib/gcc/arm-none-eabi/10.3.1/../../../arm-none-eabi/lib/thumb/v7e-m+fp/softfp/libc.a(lib_a-impure.o)
                0x00000000200000f0                _impure_ptr
 *(.data*)
                0x0000000020000520                . = ALIGN (0x4)
                0x0000000020000520                _edata = .

.tm_clone_table
                0x0000000020000520        0x0 load address 0x0000000008003bf4
 .tm_clone_table
                0x0000000020000520        0x0 /usr/lib/gcc/arm-none-eabi/10.3.1/thumb/v7e-m+fp/softfp/crtbegin.o
 .tm_clone_table
                0x0000000020000520        0x0 /usr/lib/gcc/arm-none-eabi/10.3.1/thumb/v7e-m+fp/softfp/crtend.o

.igot.plt       0x0000000020000520        0x0 load address 0x0000000008003bf4
 .igot.plt      0x0000000020000520        0x0 /usr/lib/gcc/arm-none-eabi/10.3.1/thumb/v7e-m+fp/softfp/crtbegin.o
                0x0000000020000520                . = ALIGN (0x4)

.bss            0x0000000020000520      0x150 load address 0x0000000008003bf4
                0x0000000020000520                _sbss = .
                0x0000000020000520                __bss_start__ = _sbss
 *(.bss)
 .bss           0x0000000020000520       0x1c /usr/lib/gcc/arm-none-eabi/10.3.1/thumb/v7e-m+fp/softfp/crtbegin.o
 .bss           0x000000002000053c       0x1c startup/rcc.o
                0x000000002000053c                sysclks
 .bss           0x0000000020000558        0x8 lib/tick.o
 .bss           0x0000000020000560       0x40 lib/io.o
 .bss           0x00000000200005a0       0x80 lib/dma.o
 .bss           0x0000000020000620       0x10 lib/timer.o
 .bss           0x0000000020000630       0x40 src/main_dma.o
                0x0000000020000630                buf_rx
 *(.bss*)
 *(COMMON)
                0x0000000020000670                . = ALIGN (0x4)
                0x0000000020000670                _ebss = .
                0x0000000020000670                __bss_end__ = _ebss

._user_heap_stack
                0x0000000020000670      0x600 load address 0x0000000008003bf4
                0x0000000020000670                . = ALIGN (0x4)
                [!provide]                        PROVIDE (end = .)
                [!provide]                        PROVIDE (_end = .)
                0x0000000020000670                PROVIDE (__heap_start = .)
                0x0000000020000870                . = (. + _Min_Heap_Size)
 *fill*         0x0000000020000670      0x200 
                0x0000000020000870                . = ALIGN (0x4)
                0x0000000020000870                PROVIDE (__heap_end = .)
                0x0000000020000c70                . = (. + _Min_Stack_Size)
 *fill*         0x0000000020000870      0x400 
                0x0000000020000c70                . = ALIGN (0x4)
                0x0000000020000c70                PROVIDE (__initial_psp = .)

/DISCARD/
 libc.a(*)
 libm.a(*)
 libgcc.a(*)

.ARM.attributes
                0x0000000000000000       0x2e
 *(.ARM.attributes)
 .ARM.attributes
                0x0000000000000000       0x1e /usr/lib/gcc/arm-none-eabi/10.3.1/thumb/v7e-m+fp/softfp/crti.o
 .ARM.attributes
                0x000000000000001e       0x32 /usr/lib/gcc/arm-none-eabi/10.3.1/thumb/v7e-m+fp/softfp/crtbegin.o
 .ARM.attributes
                0x0000000000000050       0x37 startup/stm32f411_periph.o
 .ARM.attributes
                0x0000000000000087       0x32 startup/sys_handlers.o
 .ARM.attributes
                0x00000000000000b9       0x32 startup/rcc.o
 .ARM.attributes
                0x00000000000000eb       0x32 startup/system_stm32f4xx.o
 .ARM.attributes
                0x000000000000011d       0x32 startup/alloc.o
 .ARM.attributes
                0x000000000000014f       0x32 lib/tick.o
 .ARM.attributes
                0x0000000000000181       0x32 lib/io.o
 .ARM.attributes
                0x00000000000001b3       0x32 lib/dma.o
 .ARM.attributes
                0x00000000000001e5       0x32 lib/timer.o
 .ARM.attributes
                0x0000000000000217       0x32 src/main_dma.o
 .ARM.attributes
                0x0000000000000249       0x21 startup/startup_stm32f411xe.o
 .ARM.attributes
                0x000000000000026a       0x32 /usr/lib/gcc/arm-none-eabi/10.3.1/../../../arm-none-eabi/lib/thumb/v7e-m+fp/softfp/libc.a(lib_a-atexit.o)
 .ARM.attributes
                0x000000000000029c       0x32 /usr/lib/gcc/arm-none-eabi/10.3.1/../../../arm-none-eabi/lib/thumb/v7e-m+fp/softfp/libc.a(lib_a-fini.o)
 .ARM.attributes
                0x00000000000002ce       0x30 /usr/lib/gcc/arm-none-eabi/10.3.1/../../../arm-none-eabi/lib/thumb/v7e-m+fp/softfp/libc.a(lib_a-impure.o)
 .ARM.attributes
                0x00000000000002fe       0x32 /usr/lib/gcc/arm-none-eabi/10.3.1/../../../arm-none-eabi/lib/thumb/v7e-m+fp/softfp/libc.a(lib_a-init.o)
 .ARM.attributes
                0x0000000000000330       0x1c /usr/lib/gcc/arm-none-eabi/10.3.1/../../../arm-none-eabi/lib/thumb/v7e-m+fp/softfp/libc.a(lib_a-strlen.o)
 .ARM.attributes
                0x000000000000034c       0x32 /usr/lib/gcc/arm-none-eabi/10.3.1/../../../arm-none-eabi/lib/thumb/v7e-m+fp/softfp/libc.a(lib_a-__atexit.o)
 .ARM.attributes
                0x000000000000037e       0x32 /usr/lib/gcc/arm-none-eabi/10.3.1/../../../arm-none-eabi/lib/thumb/v7e-m+fp/softfp/libc.a(lib_a-__call_atexit.o)
 .ARM.attributes
                0x00000000000003b0       0x30 /usr/lib/gcc/arm-none-eabi/10.3.1/thumb/v7e-m+fp/softfp/crtend.o
 .ARM.attributes
                0x00000000000003e0       0x1e /usr/lib/gcc/arm-none-eabi/10.3.1/thumb/v7e-m+fp/softfp/crtn.o
OUTPUT(main.elf elf32-littlearm)
LOAD linker stubs
LOAD /usr/lib/gcc/arm-none-eabi/10.3.1/../../../arm-none-eabi/lib/thumb/v7e-m+fp/softfp/libc.a
LOAD /usr/lib/gcc/arm-none-eabi/10.3.1/../../../arm-none-eabi/lib/thumb/v7e-m+fp/softfp/libm.a
LOAD /usr/lib/gcc/arm-none-eabi/10.3.1/thumb/v7e-m+fp/softfp/libgcc.a

.comment        0x0000000000000000       0x33
 .comment       0x0000000000000000       0x33 /usr/lib/gcc/arm-none-eabi/10.3.1/thumb/v7e-m+fp/softfp/crtbegin.o
                                         0x34 (size before relaxing)
 .comment       0x0000000000000033       0x34 startup/stm32f411_periph.o
 .comment       0x0000000000000033       0x34 startup/sys_handlers.o
 .comment       0x0000000000000033       0x34 startup/rcc.o
 .comment       0x0000000000000033       0x34 startup/system_stm32f4xx.o
 .comment       0x0000000000000033       0x34 startup/alloc.o
 .comment       0x0000000000000033       0x34 lib/tick.o
 .comment       0x0000000000000033       0x34 lib/io.o
 .comment       0x0000000000000033       0x34 lib/dma.o
 .comment       0x0000000000000033       0x34 lib/timer.o
 .comment       0x0000000000000033       0x34 src/main_dma.o
 .comment       0x0000000000000033       0x34 /usr/lib/gcc/arm-none-eabi/10.3.1/../../../arm-none-eabi/lib/thumb/v7e-m+fp/softfp/libc.a(lib_a-atexit.o)
 .comment       0x0000000000000033       0x34 /usr/lib/gcc/arm-none-eabi/10.3.1/../../../arm-none-eabi/lib/thumb/v7e-m+fp/softfp/libc.a(lib_a-fini.o)
 .comment       0x0000000000000033       0x34 /usr/lib/gcc/arm-none-eabi/10.3.1/../../../arm-none-eabi/lib/thumb/v7e-m+fp/softfp/libc.a(lib_a-impure.o)
 .comment       0x0000000000000033       0x34 /usr/lib/gcc/arm-none-eabi/10.3.1/../../../arm-none-eabi/lib/thumb/v7e-m+fp/softfp/libc.a(lib_a-init.o)
 .comment       0x0000000000000033       0x34 /usr/lib/gcc/arm-none-eabi/10.3.1/../../../arm-none-eabi/lib/thumb/v7e-m+fp/softfp/libc.a(lib_a-__atexit.o)
 .comment       0x0000000000000033       0x34 /usr/lib/gcc/arm-none-eabi/10.3.1/../../../arm-none-eabi/lib/thumb/v7e-m+fp/softfp/libc.a(lib_a-__call_atexit.o)
 .comment       0x0000000000000033       0x34 /usr/lib/gcc/arm-none-eabi/10.3.1/thumb/v7e-m+fp/softfp/crtend.o

.debug_info     0x0000000000000000     0x8adf
 .debug_info    0x0000000000000000     0x2311 startup/stm32f411_periph.o
 .debug_info    0x0000000000002311       0xf1 startup/sys_handlers.o
 .debug_info    0x0000000000002402      0x675 startup/rcc.o
 .debug_info    0x0000000000002a77      0x568 startup/system_stm32f4xx.o
 .debug_info    0x0000000000002fdf      0x1c3 startup/alloc.o
 .debug_info    0x00000000000031a2      0x753 lib/tick.o
 .debug_info    0x00000000000038f5      0xd59 lib/io.o
 .debug_info    0x000000000000464e      0xe70 lib/dma.o
 .debug_info    0x00000000000054be      0xe13 lib/timer.o
 .debug_info    0x00000000000062d1      0x793 src/main_dma.o
 .debug_info    0x0000000000006a64       0x22 startup/startup_stm32f411xe.o
 .debug_info    0x0000000000006a86      0x100 /usr/lib/gcc/arm-none-eabi/10.3.1/../../../arm-none-eabi/lib/thumb/v7e-m+fp/softfp/libc.a(lib_a-atexit.o)
 .debug_info    0x0000000000006b86      0x102 /usr/lib/gcc/arm-none-eabi/10.3.1/../../../arm-none-eabi/lib/thumb/v7e-m+fp/softfp/libc.a(lib_a-fini.o)
 .debug_info    0x0000000000006c88      0x92a /usr/lib/gcc/arm-none-eabi/10.3.1/../../../arm-none-eabi/lib/thumb/v7e-m+fp/softfp/libc.a(lib_a-impure.o)
 .debug_info    0x00000000000075b2      0x11a /usr/lib/gcc/arm-none-eabi/10.3.1/../../../arm-none-eabi/lib/thumb/v7e-m+fp/softfp/libc.a(lib_a-init.o)
 .debug_info    0x00000000000076cc       0x26 /usr/lib/gcc/arm-none-eabi/10.3.1/../../../arm-none-eabi/lib/thumb/v7e-m+fp/softfp/libc.a(lib_a-strlen.o)
 .debug_info    0x00000000000076f2      0x9b0 /usr/lib/gcc/arm-none-eabi/10.3.1/../../../arm-none-eabi/lib/thumb/v7e-m+fp/softfp/libc.a(lib_a-__atexit.o)
 .debug_info    0x00000000000080a2      0xa3d /usr/lib/gcc/arm-none-eabi/10.3.1/../../../arm-none-eabi/lib/thumb/v7e-m+fp/softfp/libc.a(lib_a-__call_atexit.o)

.debug_abbrev   0x0000000000000000     0x1a16
 .debug_abbrev  0x0000000000000000      0x15c startup/stm32f411_periph.o
 .debug_abbrev  0x000000000000015c       0x44 startup/sys_handlers.o
 .debug_abbrev  0x00000000000001a0      0x1da startup/rcc.o
 .debug_abbrev  0x000000000000037a      0x142 startup/system_stm32f4xx.o
 .debug_abbrev  0x00000000000004bc      0x109 startup/alloc.o
 .debug_abbrev  0x00000000000005c5      0x221 lib/tick.o
 .debug_abbrev  0x00000000000007e6      0x258 lib/io.o
 .debug_abbrev  0x0000000000000a3e      0x26d lib/dma.o
 .debug_abbrev  0x0000000000000cab      0x285 lib/timer.o
 .debug_abbrev  0x0000000000000f30      0x1c5 src/main_dma.o
 .debug_abbrev  0x00000000000010f5       0x12 startup/startup_stm32f411xe.o
 .debug_abbrev  0x0000000000001107       0xb7 /usr/lib/gcc/arm-none-eabi/10.3.1/../../../arm-none-eabi/lib/thumb/v7e-m+fp/softfp/libc.a(lib_a-atexit.o)
 .debug_abbrev  0x00000000000011be       0xcf /usr/lib/gcc/arm-none-eabi/10.3.1/../../../arm-none-eabi/lib/thumb/v7e-m+fp/softfp/libc.a(lib_a-fini.o)
 .debug_abbrev  0x000000000000128d      0x1b8 /usr/lib/gcc/arm-none-eabi/10.3.1/../../../arm-none-eabi/lib/thumb/v7e-m+fp/softfp/libc.a(lib_a-impure.o)
 .debug_abbrev  0x0000000000001445       0xcc /usr/lib/gcc/arm-none-eabi/10.3.1/../../../arm-none-eabi/lib/thumb/v7e-m+fp/softfp/libc.a(lib_a-init.o)
 .debug_abbrev  0x0000000000001511       0x14 /usr/lib/gcc/arm-none-eabi/10.3.1/../../../arm-none-eabi/lib/thumb/v7e-m+fp/softfp/libc.a(lib_a-strlen.o)
 .debug_abbrev  0x0000000000001525      0x23f /usr/lib/gcc/arm-none-eabi/10.3.1/../../../arm-none-eabi/lib/thumb/v7e-m+fp/softfp/libc.a(lib_a-__atexit.o)
 .debug_abbrev  0x0000000000001764      0x2b2 /usr/lib/gcc/arm-none-eabi/10.3.1/../../../arm-none-eabi/lib/thumb/v7e-m+fp/softfp/libc.a(lib_a-__call_atexit.o)

.debug_aranges  0x0000000000000000      0x248
 .debug_aranges
                0x0000000000000000       0x18 startup/stm32f411_periph.o
 .debug_aranges
                0x0000000000000018       0x20 startup/sys_handlers.o
 .debug_aranges
                0x0000000000000038       0x20 startup/rcc.o
 .debug_aranges
                0x0000000000000058       0x20 startup/system_stm32f4xx.o
 .debug_aranges
                0x0000000000000078       0x20 startup/alloc.o
 .debug_aranges
                0x0000000000000098       0x20 lib/tick.o
 .debug_aranges
                0x00000000000000b8       0x20 lib/io.o
 .debug_aranges
                0x00000000000000d8       0x20 lib/dma.o
 .debug_aranges
                0x00000000000000f8       0x20 lib/timer.o
 .debug_aranges
                0x0000000000000118       0x20 src/main_dma.o
 .debug_aranges
                0x0000000000000138       0x30 startup/startup_stm32f411xe.o
 .debug_aranges
                0x0000000000000168       0x20 /usr/lib/gcc/arm-none-eabi/10.3.1/../../../arm-none-eabi/lib/thumb/v7e-m+fp/softfp/libc.a(lib_a-atexit.o)
 .debug_aranges
                0x0000000000000188       0x20 /usr/lib/gcc/arm-none-eabi/10.3.1/../../../arm-none-eabi/lib/thumb/v7e-m+fp/softfp/libc.a(lib_a-fini.o)
 .debug_aranges
                0x00000000000001a8       0x18 /usr/lib/gcc/arm-none-eabi/10.3.1/../../../arm-none-eabi/lib/thumb/v7e-m+fp/softfp/libc.a(lib_a-impure.o)
 .debug_aranges
                0x00000000000001c0       0x20 /usr/lib/gcc/arm-none-eabi/10.3.1/../../../arm-none-eabi/lib/thumb/v7e-m+fp/softfp/libc.a(lib_a-init.o)
 .debug_aranges
                0x00000000000001e0       0x20 /usr/lib/gcc/arm-none-eabi/10.3.1/../../../arm-none-eabi/lib/thumb/v7e-m+fp/softfp/libc.a(lib_a-strlen.o)
 .debug_aranges
                0x0000000000000200       0x20 /usr/lib/gcc/arm-none-eabi/10.3.1/../../../arm-none-eabi/lib/thumb/v7e-m+fp/softfp/libc.a(lib_a-__atexit.o)
 .debug_aranges
                0x0000000000000220       0x28 /usr/lib/gcc/arm-none-eabi/10.3.1/../../../arm-none-eabi/lib/thumb/v7e-m+fp/softfp/libc.a(lib_a-__call_atexit.o)

.debug_line     0x0000000000000000     0x2c09
 .debug_line    0x0000000000000000       0xb5 startup/stm32f411_periph.o
 .debug_line    0x00000000000000b5       0x7d startup/sys_handlers.o
 .debug_line    0x0000000000000132      0x3cf startup/rcc.o
 .debug_line    0x0000000000000501      0x185 startup/system_stm32f4xx.o
 .debug_line    0x0000000000000686      0x14e startup/alloc.o
 .debug_line    0x00000000000007d4      0x1dd lib/tick.o
 .debug_line    0x00000000000009b1      0x5fb lib/io.o
 .debug_line    0x0000000000000fac      0xc5f lib/dma.o
 .debug_line    0x0000000000001c0b      0x4c3 lib/timer.o
 .debug_line    0x00000000000020ce      0x1fc src/main_dma.o
 .debug_line    0x00000000000022ca       0x9c startup/startup_stm32f411xe.o
 .debug_line    0x0000000000002366       0xc0 /usr/lib/gcc/arm-none-eabi/10.3.1/../../../arm-none-eabi/lib/thumb/v7e-m+fp/softfp/libc.a(lib_a-atexit.o)
 .debug_line    0x0000000000002426       0xed /usr/lib/gcc/arm-none-eabi/10.3.1/../../../arm-none-eabi/lib/thumb/v7e-m+fp/softfp/libc.a(lib_a-fini.o)
 .debug_line    0x0000000000002513       0xe4 /usr/lib/gcc/arm-none-eabi/10.3.1/../../../arm-none-eabi/lib/thumb/v7e-m+fp/softfp/libc.a(lib_a-impure.o)
 .debug_line    0x00000000000025f7      0x138 /usr/lib/gcc/arm-none-eabi/10.3.1/../../../arm-none-eabi/lib/thumb/v7e-m+fp/softfp/libc.a(lib_a-init.o)
 .debug_line    0x000000000000272f       0xaf /usr/lib/gcc/arm-none-eabi/10.3.1/../../../arm-none-eabi/lib/thumb/v7e-m+fp/softfp/libc.a(lib_a-strlen.o)
 .debug_line    0x00000000000027de      0x19e /usr/lib/gcc/arm-none-eabi/10.3.1/../../../arm-none-eabi/lib/thumb/v7e-m+fp/softfp/libc.a(lib_a-__atexit.o)
 .debug_line    0x000000000000297c      0x28d /usr/lib/gcc/arm-none-eabi/10.3.1/../../../arm-none-eabi/lib/thumb/v7e-m+fp/softfp/libc.a(lib_a-__call_atexit.o)

.debug_str      0x0000000000000000     0x21a6
 .debug_str     0x0000000000000000      0xbd1 startup/stm32f411_periph.o
                                        0xc43 (size before relaxing)
 .debug_str     0x0000000000000bd1       0x8b startup/sys_handlers.o
                                        0x1ce (size before relaxing)
 .debug_str     0x0000000000000c5c      0x22d startup/rcc.o
                                        0x4eb (size before relaxing)
 .debug_str     0x0000000000000e89       0x79 startup/system_stm32f4xx.o
                                        0x401 (size before relaxing)
 .debug_str     0x0000000000000f02       0x3b startup/alloc.o
                                        0x191 (size before relaxing)
 .debug_str     0x0000000000000f3d      0x405 lib/tick.o
                                        0x6d5 (size before relaxing)
 .debug_str     0x0000000000001342      0x144 lib/io.o
                                        0x8d7 (size before relaxing)
 .debug_str     0x0000000000001486      0x299 lib/dma.o
                                        0x9cf (size before relaxing)
 .debug_str     0x000000000000171f      0x16b lib/timer.o
                                        0x90d (size before relaxing)
 .debug_str     0x000000000000188a       0x7c src/main_dma.o
                                        0x49f (size before relaxing)
 .debug_str     0x0000000000001906       0x2a startup/startup_stm32f411xe.o
                                         0x4d (size before relaxing)
 .debug_str     0x0000000000001930      0x15a /usr/lib/gcc/arm-none-eabi/10.3.1/../../../arm-none-eabi/lib/thumb/v7e-m+fp/softfp/libc.a(lib_a-atexit.o)
                                        0x1ea (size before relaxing)
 .debug_str     0x0000000000001a8a       0xca /usr/lib/gcc/arm-none-eabi/10.3.1/../../../arm-none-eabi/lib/thumb/v7e-m+fp/softfp/libc.a(lib_a-fini.o)
                                        0x1e2 (size before relaxing)
 .debug_str     0x0000000000001b54      0x448 /usr/lib/gcc/arm-none-eabi/10.3.1/../../../arm-none-eabi/lib/thumb/v7e-m+fp/softfp/libc.a(lib_a-impure.o)
                                        0x588 (size before relaxing)
 .debug_str     0x0000000000001f9c       0x90 /usr/lib/gcc/arm-none-eabi/10.3.1/../../../arm-none-eabi/lib/thumb/v7e-m+fp/softfp/libc.a(lib_a-init.o)
                                        0x20c (size before relaxing)
 .debug_str     0x000000000000202c       0xb2 /usr/lib/gcc/arm-none-eabi/10.3.1/../../../arm-none-eabi/lib/thumb/v7e-m+fp/softfp/libc.a(lib_a-strlen.o)
 .debug_str     0x00000000000020de       0x36 /usr/lib/gcc/arm-none-eabi/10.3.1/../../../arm-none-eabi/lib/thumb/v7e-m+fp/softfp/libc.a(lib_a-__atexit.o)
                                        0x5c2 (size before relaxing)
 .debug_str     0x0000000000002114       0x92 /usr/lib/gcc/arm-none-eabi/10.3.1/../../../arm-none-eabi/lib/thumb/v7e-m+fp/softfp/libc.a(lib_a-__call_atexit.o)
                                        0x5ee (size before relaxing)

.debug_frame    0x0000000000000000      0x9a8
 .debug_frame   0x0000000000000000       0x80 startup/sys_handlers.o
 .debug_frame   0x0000000000000080       0x90 startup/rcc.o
 .debug_frame   0x0000000000000110       0x40 startup/system_stm32f4xx.o
 .debug_frame   0x0000000000000150       0x58 startup/alloc.o
 .debug_frame   0x00000000000001a8       0xa4 lib/tick.o
 .debug_frame   0x000000000000024c      0x180 lib/io.o
 .debug_frame   0x00000000000003cc      0x280 lib/dma.o
 .debug_frame   0x000000000000064c      0x1d0 lib/timer.o
 .debug_frame   0x000000000000081c       0x7c src/main_dma.o
 .debug_frame   0x0000000000000898       0x20 /usr/lib/gcc/arm-none-eabi/10.3.1/../../../arm-none-eabi/lib/thumb/v7e-m+fp/softfp/libc.a(lib_a-atexit.o)
 .debug_frame   0x00000000000008b8       0x34 /usr/lib/gcc/arm-none-eabi/10.3.1/../../../arm-none-eabi/lib/thumb/v7e-m+fp/softfp/libc.a(lib_a-fini.o)
 .debug_frame   0x00000000000008ec       0x2c /usr/lib/gcc/arm-none-eabi/10.3.1/../../../arm-none-eabi/lib/thumb/v7e-m+fp/softfp/libc.a(lib_a-init.o)
 .debug_frame   0x0000000000000918       0x34 /usr/lib/gcc/arm-none-eabi/10.3.1/../../../arm-none-eabi/lib/thumb/v7e-m+fp/softfp/libc.a(lib_a-__atexit.o)
 .debug_frame   0x000000000000094c       0x5c /usr/lib/gcc/arm-none-eabi/10.3.1/../../../arm-none-eabi/lib/thumb/v7e-m+fp/softfp/libc.a(lib_a-__call_atexit.o)

.debug_ranges   0x0000000000000000       0x78
 .debug_ranges  0x0000000000000000       0x28 startup/startup_stm32f411xe.o
 .debug_ranges  0x0000000000000028       0x50 /usr/lib/gcc/arm-none-eabi/10.3.1/../../../arm-none-eabi/lib/thumb/v7e-m+fp/softfp/libc.a(lib_a-__call_atexit.o)

.debug_loc      0x0000000000000000      0x458
 .debug_loc     0x0000000000000000       0x32 /usr/lib/gcc/arm-none-eabi/10.3.1/../../../arm-none-eabi/lib/thumb/v7e-m+fp/softfp/libc.a(lib_a-atexit.o)
 .debug_loc     0x0000000000000032       0x68 /usr/lib/gcc/arm-none-eabi/10.3.1/../../../arm-none-eabi/lib/thumb/v7e-m+fp/softfp/libc.a(lib_a-fini.o)
 .debug_loc     0x000000000000009a       0xba /usr/lib/gcc/arm-none-eabi/10.3.1/../../../arm-none-eabi/lib/thumb/v7e-m+fp/softfp/libc.a(lib_a-init.o)
 .debug_loc     0x0000000000000154      0x138 /usr/lib/gcc/arm-none-eabi/10.3.1/../../../arm-none-eabi/lib/thumb/v7e-m+fp/softfp/libc.a(lib_a-__atexit.o)
 .debug_loc     0x000000000000028c      0x1cc /usr/lib/gcc/arm-none-eabi/10.3.1/../../../arm-none-eabi/lib/thumb/v7e-m+fp/softfp/libc.a(lib_a-__call_atexit.o)
